Microchip MPLAB XC8 Compiler V3.10

Linker command line:

-W-3 \
  --edf=C:\Program Files\Microchip\xc8\v3.10\pic\dat\20250813170317_en.msgs \
  -cn -h+dist/default/debug\proyecto_fixed.debug.sym \
  --cmf=dist/default/debug\proyecto_fixed.debug.cmf -z -Q18F4550 \
  -oC:\Users\nicos\AppData\Local\Temp\xcAsei4.0\driver_tmp_3.o \
  --defsym=__MPLAB_BUILD=1 --fixupoverflow=error \
  -Mdist/default/debug/proyecto_fixed.debug.map \
  --md=C:\Users\nicos\AppData\Local\Temp\xcAsei4.0\driver_tmp_0.dat -E1 \
  -ver=XC8 Compiler -ACODE=00h-07FFFh -ACONST=00h-07FFFh \
  -ASMALLCONST=0800h-08FFhx120 -AMEDIUMCONST=0800h-07FFFh -ACOMRAM=01h-05Fh \
  -AABS1=00h-07FFh -ABIGRAM=01h-07FFh -ARAM=060h-0FFh,0100h-01FFhx7 \
  -ABANK0=060h-0FFh -ABANK1=0100h-01FFh -ABANK2=0200h-02FFh \
  -ABANK3=0300h-03FFh -ABANK4=0400h-04FFh -ABANK5=0500h-05FFh \
  -ABANK6=0600h-06FFh -ABANK7=0700h-07FFh -ASFR=0F60h-0FFFh \
  -ABIGSFR=0F60h-0FFFh -ACONFIG=0300000h-030000Dh -AIDLOC=0200000h-0200007h \
  -AEEDATA=0F00000h-0F000FFh -peeprom_data=EEDATA \
  -preset_vec=00h,intcode=8h,intcodelo=18h,sivt_lo,sivt_hi=CODE \
  -ppowerup=CODE,init -pramtop=0800h -psmallconst=SMALLCONST \
  -pmediumconst=MEDIUMCONST -pconst=CONST -AFARRAM=00h-00h \
  -prdata=COMRAM,nvrram=COMRAM,nvbit=COMRAM,rbss=COMRAM,rbit=COMRAM \
  -pfarbss=FARRAM,fardata=FARRAM,nvFARRAM=FARRAM \
  -pintsave_regs=BIGRAM,bigbss=BIGRAM,bigdata=BIGRAM -pbss=RAM \
  -pidata=CODE,irdata=CODE,ibigdata=CODE,ifardata=CODE -prparam=COMRAM \
  C:\Users\nicos\AppData\Local\Temp\xcAsei4.0\driver_tmp_14.o \
  dist/default/debug\proyecto_fixed.debug.o 

Object code version is 3.11

Machine type is 18F4550



                Name                               Link     Load   Length Selector   Space Scale
C:\Users\nicos\AppData\Local\Temp\xcAsei4.0\driver_tmp_14.o
                config                           300000   300000        8        0       4
                init                               7FFC     7FFC        4     3FFE       0
                reset_vec                             0        0        4        0       0
dist/default/debug\proyecto_fixed.debug.o
                config                           300000   300000        8        0       4
                smallconst                          800      800       F4      400       0
                text55                             38B4     38B4       2C      47A       0
                text54                             392A     392A       22      47A       0
                text53                             3336     3336       78      47A       0
                text52                             3886     3886       2E      47A       0
                text51                             311A     311A       90      47A       0
                text50                             1B9A     1B9A      38E      47A       0
                text49                             2682     2682      1B4      47A       0
                text48                             33AE     33AE       72      47A       0
                text47                             39C6     39C6       1E      47A       0
                text46                             394C     394C       20      47A       0
                text45                             37E6     37E6       38      47A       0
                text44                             1774     1774      426      47A       0
                text43                             31AA     31AA       88      47A       0
                text42                             3A24     3A24        C      47A       0
                text41                             39A8     39A8       1E      47A       0
                text40                             398A     398A       1E      47A       0
                text39                             362C     362C       48      47A       0
                text38                             396C     396C       1E      47A       0
                text37                             38E0     38E0       28      47A       0
                text36                             2C44     2C44       C8      47A       0
                text35                             2836     2836      10C      47A       0
                text34                             3480     3480       5E      47A       0
                text33                             35E0     35E0       4C      47A       0
                text32                             34DE     34DE       5C      47A       0
                text31                             2A48     2A48      104      47A       0
                text30                             32B6     32B6       80      47A       0
                text29                             3074     3074       A6      47A       0
                text28                             2FCE     2FCE       A6      47A       0
                text27                             3A16     3A16        E      47A       0
                text26                             3A08     3A08        E      47A       0
                text25                             3736     3736       3E      47A       0
                text24                             39E4     39E4       14      47A       0
                text23                             3232     3232       84      47A       0
                text22                             39F8     39F8       10      47A       0
                text21                             2D0C     2D0C       C0      47A       0
                text20                             2DCC     2DCC       AE      47A       0
                text19                             3852     3852       34      47A       0
                text18                             2F24     2F24       AA      47A       0
                text17                             37AE     37AE       38      47A       0
                text16                             12BE     12BE      4B6      47A       0
                text15                             3674     3674       46      47A       0
                text14                             2942     2942      106      47A       0
                text13                             2B4C     2B4C       F8      47A       0
                text12                             2470     2470      212      47A       0
                text11                             353A     353A       56      47A       0
                text10                             3590     3590       50      47A       0
                text9                              3A30     3A30        2      47A       0
                text8                              2E7A     2E7A       AA      47A       0
                text7                              36F8     36F8       3E      47A       0
                text6                              3420     3420       60      47A       0
                text5                              3774     3774       3A      47A       0
                text4                               8F4      8F4      9CA      47A       0
                text3                              1F28     1F28      324      47A       0
                text2                              36BA     36BA       3E      47A       0
                text1                              381E     381E       34      47A       0
                text0                              224C     224C      224      47A       0
                cstackCOMRAM                          1        1       5F        1       1
                cstackBANK0                          60       60       68       60       1
                bssBANK1                            100      100       50      100       1
                bssBANK0                             C8       C8       13       60       1
                cinit                              3908     3908       22      47A       0

TOTAL           Name                               Link     Load   Length     Space
        CLASS   CODE           
                init                               7FFC     7FFC        4         0
                reset_vec                             0        0        4         0
                text55                             38B4     38B4       2C         0
                text54                             392A     392A       22         0
                text53                             3336     3336       78         0
                text52                             3886     3886       2E         0
                text51                             311A     311A       90         0
                text50                             1B9A     1B9A      38E         0
                text49                             2682     2682      1B4         0
                text48                             33AE     33AE       72         0
                text47                             39C6     39C6       1E         0
                text46                             394C     394C       20         0
                text45                             37E6     37E6       38         0
                text44                             1774     1774      426         0
                text43                             31AA     31AA       88         0
                text42                             3A24     3A24        C         0
                text41                             39A8     39A8       1E         0
                text40                             398A     398A       1E         0
                text39                             362C     362C       48         0
                text38                             396C     396C       1E         0
                text37                             38E0     38E0       28         0
                text36                             2C44     2C44       C8         0
                text35                             2836     2836      10C         0
                text34                             3480     3480       5E         0
                text33                             35E0     35E0       4C         0
                text32                             34DE     34DE       5C         0
                text31                             2A48     2A48      104         0
                text30                             32B6     32B6       80         0
                text29                             3074     3074       A6         0
                text28                             2FCE     2FCE       A6         0
                text27                             3A16     3A16        E         0
                text26                             3A08     3A08        E         0
                text25                             3736     3736       3E         0
                text24                             39E4     39E4       14         0
                text23                             3232     3232       84         0
                text22                             39F8     39F8       10         0
                text21                             2D0C     2D0C       C0         0
                text20                             2DCC     2DCC       AE         0
                text19                             3852     3852       34         0
                text18                             2F24     2F24       AA         0
                text17                             37AE     37AE       38         0
                text16                             12BE     12BE      4B6         0
                text15                             3674     3674       46         0
                text14                             2942     2942      106         0
                text13                             2B4C     2B4C       F8         0
                text12                             2470     2470      212         0
                text11                             353A     353A       56         0
                text10                             3590     3590       50         0
                text9                              3A30     3A30        2         0
                text8                              2E7A     2E7A       AA         0
                text7                              36F8     36F8       3E         0
                text6                              3420     3420       60         0
                text5                              3774     3774       3A         0
                text4                               8F4      8F4      9CA         0
                text3                              1F28     1F28      324         0
                text2                              36BA     36BA       3E         0
                text1                              381E     381E       34         0
                text0                              224C     224C      224         0
                cinit                              3908     3908       22         0

        CLASS   CONST          

        CLASS   SMALLCONST     
                smallconst                          800      800       F4         0

        CLASS   MEDIUMCONST    

        CLASS   COMRAM         
                cstackCOMRAM                          1        1       5F         1

        CLASS   ABS1           

        CLASS   BIGRAM         

        CLASS   RAM            

        CLASS   BANK0          
                cstackBANK0                          60       60       68         1
                bssBANK0                             C8       C8       13         1

        CLASS   BANK1          
                bssBANK1                            100      100       50         1

        CLASS   BANK2          

        CLASS   BANK3          

        CLASS   BANK4          

        CLASS   BANK5          

        CLASS   BANK6          

        CLASS   BANK7          

        CLASS   SFR            

        CLASS   BIGSFR         

        CLASS   CONFIG         
                config                           300000   300000        8         4

        CLASS   IDLOC          

        CLASS   EEDATA         

        CLASS   FARRAM         

        CLASS   HEAP           

        CLASS   STACK          



SEGMENTS        Name                           Load    Length   Top    Selector   Space  Class

                reset_vec                      000000  000004  000004         0       0  CODE    
                cstackCOMRAM                   000001  00005F  000060         1       1  COMRAM  
                cstackBANK0                    000060  00007B  0000DB        60       1  BANK0   
                bssBANK1                       000100  000050  000150       100       1  BANK1   
                smallconst                     000800  0000F4  0008F4       400       0  SMALLCON
                text4                          0008F4  00313E  003A32       47A       0  CODE    
                init                           007FFC  000004  008000      3FFE       0  CODE    


UNUSED ADDRESS RANGES

        Name                Unused          Largest block    Delta
        BANK0            0000DB-0000FF               25
        BANK1            000150-0001FF               B0
        BANK2            000200-0002FF              100
        BANK3            000300-0003FF              100
        BANK4            000400-0004FF              100
        BANK5            000500-0005FF              100
        BANK6            000600-0006FF              100
        BANK7            000700-0007FF              100
        BIGRAM           0000DB-0000FF               25
                         000150-0007FF              6B0
        BIGSFR           000F60-000FFF               A0
        CODE             000004-0007FF              7FC
                         003A32-007FFB             45CA
        CONFIG           300008-30000D                6
        CONST            000004-0007FF              7FC
                         003A32-007FFB             45CA
        EEDATA           F00000-F000FF              100
        IDLOC            200000-200007                8
        MEDIUMCONST      003A32-007FFB             45CA
        RAM              0000DB-0000FF               25
                         000150-0007FF              100
        SFR              000F60-000FFF               A0
        SMALLCONST       003A32-007FFB              100

                                  Symbol Table

?_BH1750_ReadLux                  cstackCOMRAM 000041
?_BME280_ReadHumidity             cstackCOMRAM 000041
?___awdiv                         cstackCOMRAM 000001
?___awmod                         cstackCOMRAM 000001
?___fladd                         cstackCOMRAM 000001
?___fldiv                         cstackCOMRAM 000028
?___flmul                         cstackCOMRAM 00000F
?___flneg                         cstackCOMRAM 000001
?___flsub                         cstackCOMRAM 000028
?___fltol                         cstackCOMRAM 000001
?___fpclassifyf                   cstackCOMRAM 000001
?___xxtofl                        cstackCOMRAM 000001
?_abs                             cstackCOMRAM 000007
?_floorf                          cstackCOMRAM 000041
?_labs                            cstackCOMRAM 000001
?_leer_adc                        cstackCOMRAM 000001
?_leer_aire                       cstackCOMRAM 000005
?_leer_temperatura                cstackCOMRAM 000041
?_sprintf                         cstackBANK0  000098
?_vfprintf                        cstackBANK0  000094
BH1750_ReadLux@lsb                cstackCOMRAM 00004A
BH1750_ReadLux@msb                cstackCOMRAM 000049
BH1750_ReadLux@raw                cstackCOMRAM 000047
BME280_Read@data                  cstackCOMRAM 000006
BME280_Read@reg                   cstackCOMRAM 000005
BME280_ReadHumidity@lsb           cstackCOMRAM 00004A
BME280_ReadHumidity@msb           cstackCOMRAM 000049
BME280_ReadHumidity@raw           cstackCOMRAM 000047
BME280_Write@data                 cstackCOMRAM 000004
BME280_Write@reg                  cstackCOMRAM 000005
I2C_Read@ack                      cstackCOMRAM 000002
I2C_Read@data                     cstackCOMRAM 000003
I2C_Read@i                        cstackCOMRAM 000004
I2C_Write@data                    cstackCOMRAM 000002
I2C_Write@i                       cstackCOMRAM 000003
OLED_Clear@i                      cstackCOMRAM 000005
OLED_ClearLine@i                  cstackCOMRAM 000008
OLED_ClearLine@linea              cstackCOMRAM 000007
OLED_Command@cmd                  cstackCOMRAM 000004
OLED_Data@data                    cstackCOMRAM 000004
OLED_SetCursor@col                cstackCOMRAM 000006
OLED_SetCursor@page               cstackCOMRAM 000005
OLED_WriteChar@c                  cstackCOMRAM 000009
OLED_WriteChar@i                  cstackCOMRAM 000008
OLED_WriteChar@index              cstackCOMRAM 000006
OLED_WriteString@str              cstackCOMRAM 00000A
_ADCON0                           (abs)        000FC2
_ADCON0bits                       (abs)        000FC2
_ADCON1                           (abs)        000FC1
_ADCON2                           (abs)        000FC0
_ADRESH                           (abs)        000FC4
_ADRESL                           (abs)        000FC3
_BH1750_Init                      text52       003886
_BH1750_ReadLux                   text48       0033AE
_BME280_Init                      text46       00394C
_BME280_Read                      text45       0037E6
_BME280_ReadHumidity              text43       0031AA
_BME280_Write                     text47       0039C6
_CCP1CON                          (abs)        000FBD
_CCP1CONbits                      (abs)        000FBD
_CCPR1L                           (abs)        000FBE
_GO_nDONE                         (abs)        007E11
_I2C_Init                         text42       003A24
_I2C_Read                         text51       00311A
_I2C_Start                        text55       0038B4
_I2C_Stop                         text54       00392A
_I2C_Write                        text53       003336
_INTCON2bits                      (abs)        000FF1
_LATBbits                         (abs)        000F8A
_LATD                             (abs)        000F8C
_LATDbits                         (abs)        000F8C
_OLED_Clear                       text39       00362C
_OLED_ClearLine                   text37       0038E0
_OLED_Command                     text41       0039A8
_OLED_Data                        text40       00398A
_OLED_Init                        text36       002C44
_OLED_SetCursor                   text38       00396C
_OLED_WriteChar                   text35       002836
_OLED_WriteString                 text34       003480
_OSCCON                           (abs)        000FD3
_PORTBbits                        (abs)        000F81
_PR2                              (abs)        000FCB
_T2CON                            (abs)        000FCA
_TRISA                            (abs)        000F92
_TRISB                            (abs)        000F93
_TRISBbits                        (abs)        000F93
_TRISC                            (abs)        000F94
_TRISCbits                        (abs)        000F94
_TRISD                            (abs)        000F95
__HRAM                            (abs)        000000
__H__absolute__                   __absolute__ 000000
__Habs1                           abs1         000000
__Hbank0                          bank0        000000
__Hbank1                          bank1        000000
__Hbank2                          bank2        000000
__Hbank3                          bank3        000000
__Hbank4                          bank4        000000
__Hbank5                          bank5        000000
__Hbank6                          bank6        000000
__Hbank7                          bank7        000000
__Hbigbss                         bigbss       000000
__Hbigdata                        bigdata      000000
__Hbigram                         bigram       000000
__Hbigsfr                         bigsfr       000000
__Hbss                            bss          000000
__HbssBANK0                       bssBANK0     000000
__HbssBANK1                       bssBANK1     000000
__Hcinit                          cinit        000000
__Hclrtext                        clrtext      000000
__Hcomram                         comram       000000
__Hconfig                         config       300008
__Hconst                          const        000000
__HcstackBANK0                    cstackBANK0  000000
__HcstackCOMRAM                   cstackCOMRAM 000000
__Hdata                           data         000000
__Heeprom_data                    eeprom_data  000000
__Hfarbss                         farbss       000000
__Hfardata                        fardata      000000
__Hheap                           heap         000000
__Hibigdata                       ibigdata     000000
__Hidata                          idata        000000
__Hidloc                          idloc        000000
__Hifardata                       ifardata     000000
__Hinit                           init         008000
__Hintcode                        intcode      000008
__Hintcode_body                   intcode_body 000000
__Hintcodelo                      intcodelo    000018
__Hintentry                       intentry     000000
__Hintret                         intret       000000
__Hintsave_regs                   intsave_regs 000000
__Hirdata                         irdata       000000
__Hmediumconst                    mediumconst  000000
__HnvFARRAM                       nvFARRAM     000000
__Hnvbit                          nvbit        000000
__Hnvrram                         nvrram       000000
__Hparam                          rparam       000000
__Hpowerup                        powerup      000000
__Hram                            ram          000000
__Hramtop                         ramtop       000800
__Hrbit                           rbit         000000
__Hrbss                           rbss         000000
__Hrdata                          rdata        000000
__Hreset_vec                      reset_vec    000004
__Hrparam                         rparam       000000
__Hsfr                            sfr          000000
__Hsivt_hi                        sivt_hi      000000
__Hsivt_lo                        sivt_lo      000018
__Hsmallconst                     smallconst   0008F4
__Hspace_0                        (abs)        008000
__Hspace_1                        (abs)        000150
__Hspace_2                        (abs)        000000
__Hspace_4                        (abs)        600008
__Hstack                          stack        000000
__Hstruct                         struct       000000
__Htemp                           temp         000000
__Htext                           text         000000
__Htext0                          text0        000000
__Htext1                          text1        000000
__Htext10                         text10       000000
__Htext11                         text11       000000
__Htext12                         text12       000000
__Htext13                         text13       000000
__Htext14                         text14       000000
__Htext15                         text15       000000
__Htext16                         text16       000000
__Htext17                         text17       000000
__Htext18                         text18       000000
__Htext19                         text19       000000
__Htext2                          text2        000000
__Htext20                         text20       000000
__Htext21                         text21       000000
__Htext22                         text22       000000
__Htext23                         text23       000000
__Htext24                         text24       000000
__Htext25                         text25       000000
__Htext26                         text26       000000
__Htext27                         text27       000000
__Htext28                         text28       000000
__Htext29                         text29       000000
__Htext3                          text3        000000
__Htext30                         text30       000000
__Htext31                         text31       000000
__Htext32                         text32       000000
__Htext33                         text33       000000
__Htext34                         text34       000000
__Htext35                         text35       000000
__Htext36                         text36       000000
__Htext37                         text37       000000
__Htext38                         text38       000000
__Htext39                         text39       000000
__Htext4                          text4        000000
__Htext40                         text40       000000
__Htext41                         text41       000000
__Htext42                         text42       000000
__Htext43                         text43       000000
__Htext44                         text44       000000
__Htext45                         text45       000000
__Htext46                         text46       000000
__Htext47                         text47       000000
__Htext48                         text48       000000
__Htext49                         text49       000000
__Htext5                          text5        000000
__Htext50                         text50       000000
__Htext51                         text51       000000
__Htext52                         text52       000000
__Htext53                         text53       000000
__Htext54                         text54       000000
__Htext55                         text55       000000
__Htext6                          text6        000000
__Htext7                          text7        000000
__Htext8                          text8        000000
__Htext9                          text9        000000
__LRAM                            (abs)        000001
__L__absolute__                   __absolute__ 000000
__Labs1                           abs1         000000
__Lbank0                          bank0        000000
__Lbank1                          bank1        000000
__Lbank2                          bank2        000000
__Lbank3                          bank3        000000
__Lbank4                          bank4        000000
__Lbank5                          bank5        000000
__Lbank6                          bank6        000000
__Lbank7                          bank7        000000
__Lbigbss                         bigbss       000000
__Lbigdata                        bigdata      000000
__Lbigram                         bigram       000000
__Lbigsfr                         bigsfr       000000
__Lbss                            bss          000000
__LbssBANK0                       bssBANK0     000000
__LbssBANK1                       bssBANK1     000000
__Lcinit                          cinit        000000
__Lclrtext                        clrtext      000000
__Lcomram                         comram       000000
__Lconfig                         config       000000
__Lconst                          const        000000
__LcstackBANK0                    cstackBANK0  000000
__LcstackCOMRAM                   cstackCOMRAM 000000
__Ldata                           data         000000
__Leeprom_data                    eeprom_data  000000
__Lfarbss                         farbss       000000
__Lfardata                        fardata      000000
__Lheap                           heap         000000
__Libigdata                       ibigdata     000000
__Lidata                          idata        000000
__Lidloc                          idloc        000000
__Lifardata                       ifardata     000000
__Linit                           init         007FFC
__Lintcode                        intcode      000008
__Lintcode_body                   intcode_body 000000
__Lintcodelo                      intcodelo    000018
__Lintentry                       intentry     000000
__Lintret                         intret       000000
__Lintsave_regs                   intsave_regs 000000
__Lirdata                         irdata       000000
__Lmediumconst                    mediumconst  000000
__LnvFARRAM                       nvFARRAM     000000
__Lnvbit                          nvbit        000000
__Lnvrram                         nvrram       000000
__Lparam                          rparam       000000
__Lpowerup                        powerup      000000
__Lram                            ram          000000
__Lramtop                         ramtop       000800
__Lrbit                           rbit         000000
__Lrbss                           rbss         000000
__Lrdata                          rdata        000000
__Lreset_vec                      reset_vec    000000
__Lrparam                         rparam       000000
__Lsfr                            sfr          000000
__Lsivt_hi                        sivt_hi      000000
__Lsivt_lo                        sivt_lo      000018
__Lsmallconst                     smallconst   000800
__Lspace_0                        (abs)        000000
__Lspace_1                        (abs)        000000
__Lspace_2                        (abs)        000000
__Lspace_4                        (abs)        000000
__Lstack                          stack        000000
__Lstruct                         struct       000000
__Ltemp                           temp         000000
__Ltext                           text         000000
__Ltext0                          text0        000000
__Ltext1                          text1        000000
__Ltext10                         text10       000000
__Ltext11                         text11       000000
__Ltext12                         text12       000000
__Ltext13                         text13       000000
__Ltext14                         text14       000000
__Ltext15                         text15       000000
__Ltext16                         text16       000000
__Ltext17                         text17       000000
__Ltext18                         text18       000000
__Ltext19                         text19       000000
__Ltext2                          text2        000000
__Ltext20                         text20       000000
__Ltext21                         text21       000000
__Ltext22                         text22       000000
__Ltext23                         text23       000000
__Ltext24                         text24       000000
__Ltext25                         text25       000000
__Ltext26                         text26       000000
__Ltext27                         text27       000000
__Ltext28                         text28       000000
__Ltext29                         text29       000000
__Ltext3                          text3        000000
__Ltext30                         text30       000000
__Ltext31                         text31       000000
__Ltext32                         text32       000000
__Ltext33                         text33       000000
__Ltext34                         text34       000000
__Ltext35                         text35       000000
__Ltext36                         text36       000000
__Ltext37                         text37       000000
__Ltext38                         text38       000000
__Ltext39                         text39       000000
__Ltext4                          text4        000000
__Ltext40                         text40       000000
__Ltext41                         text41       000000
__Ltext42                         text42       000000
__Ltext43                         text43       000000
__Ltext44                         text44       000000
__Ltext45                         text45       000000
__Ltext46                         text46       000000
__Ltext47                         text47       000000
__Ltext48                         text48       000000
__Ltext49                         text49       000000
__Ltext5                          text5        000000
__Ltext50                         text50       000000
__Ltext51                         text51       000000
__Ltext52                         text52       000000
__Ltext53                         text53       000000
__Ltext54                         text54       000000
__Ltext55                         text55       000000
__Ltext6                          text6        000000
__Ltext7                          text7        000000
__Ltext8                          text8        000000
__Ltext9                          text9        000000
__S0                              (abs)        008000
__S1                              (abs)        000150
__S4                              (abs)        000000
__S5                              (abs)        000000
___awdiv                          text21       002D0C
___awdiv@counter                  cstackCOMRAM 000005
___awdiv@dividend                 cstackCOMRAM 000001
___awdiv@divisor                  cstackCOMRAM 000003
___awdiv@quotient                 cstackCOMRAM 000007
___awdiv@sign                     cstackCOMRAM 000006
___awmod                          text20       002DCC
___awmod@counter                  cstackCOMRAM 000005
___awmod@dividend                 cstackCOMRAM 000001
___awmod@divisor                  cstackCOMRAM 000003
___awmod@sign                     cstackCOMRAM 000006
___fladd                          text16       0012BE
___fladd@a                        cstackCOMRAM 000005
___fladd@aexp                     cstackCOMRAM 00000E
___fladd@b                        cstackCOMRAM 000001
___fladd@bexp                     cstackCOMRAM 00000F
___fladd@grs                      cstackCOMRAM 000010
___fladd@signs                    cstackCOMRAM 00000D
___fldiv                          text50       001B9A
___fldiv@a                        cstackCOMRAM 00002C
___fldiv@aexp                     cstackCOMRAM 000040
___fldiv@b                        cstackCOMRAM 000028
___fldiv@bexp                     cstackCOMRAM 00003F
___fldiv@grs                      cstackCOMRAM 00003B
___fldiv@new_exp                  cstackCOMRAM 000039
___fldiv@rem                      cstackCOMRAM 000034
___fldiv@sign                     cstackCOMRAM 000038
___fleq                           text18       002F24
___fleq@ff1                       cstackCOMRAM 000001
___fleq@ff2                       cstackCOMRAM 000005
___flge                           text31       002A48
___flge@ff1                       cstackCOMRAM 000028
___flge@ff2                       cstackCOMRAM 00002C
___flmul                          text44       001774
___flmul@a                        cstackCOMRAM 000013
___flmul@aexp                     cstackCOMRAM 000020
___flmul@b                        cstackCOMRAM 00000F
___flmul@bexp                     cstackCOMRAM 000021
___flmul@grs                      cstackCOMRAM 00001C
___flmul@prod                     cstackCOMRAM 000022
___flmul@sign                     cstackCOMRAM 00001B
___flmul@temp                     cstackCOMRAM 000026
___flneg                          text17       0037AE
___flneg@f1                       cstackCOMRAM 000001
___flsub                          text15       003674
___flsub@a                        cstackCOMRAM 00002C
___flsub@b                        cstackCOMRAM 000028
___fltol                          text14       002942
___fltol@exp1                     cstackCOMRAM 00000A
___fltol@f1                       cstackCOMRAM 000001
___fltol@sign1                    cstackCOMRAM 000009
___fpclassifyf                    text13       002B4C
___fpclassifyf@F465               bssBANK0     0000CC
___fpclassifyf@e                  cstackCOMRAM 000009
___fpclassifyf@u                  cstackCOMRAM 00000B
___fpclassifyf@x                  cstackCOMRAM 000001
___heap_hi                        (abs)        000000
___heap_lo                        (abs)        000000
___inthi_sp                       stack        000000
___inthi_stack_hi                 stack        000000
___inthi_stack_lo                 stack        000000
___intlo_sp                       stack        000000
___intlo_stack_hi                 stack        000000
___intlo_stack_lo                 stack        000000
___param_bank                     (abs)        000000
___rparam_used                    (abs)        000001
___sp                             stack        000000
___stack_hi                       stack        000000
___stack_lo                       stack        000000
___xxtofl                         text49       002682
___xxtofl@arg                     cstackCOMRAM 00000B
___xxtofl@exp                     cstackCOMRAM 00000A
___xxtofl@sign                    cstackCOMRAM 000009
___xxtofl@val                     cstackCOMRAM 000001
__accesstop                       (abs)        000060
__activetblptr                    (abs)        000002
__end_of_BH1750_Init              text52       0038B4
__end_of_BH1750_ReadLux           text48       003420
__end_of_BME280_Init              text46       00396C
__end_of_BME280_Read              text45       00381E
__end_of_BME280_ReadHumidity      text43       003232
__end_of_BME280_Write             text47       0039E4
__end_of_I2C_Init                 text42       003A30
__end_of_I2C_Read                 text51       0031AA
__end_of_I2C_Start                text55       0038E0
__end_of_I2C_Stop                 text54       00394C
__end_of_I2C_Write                text53       0033AE
__end_of_OLED_Clear               text39       003674
__end_of_OLED_ClearLine           text37       003908
__end_of_OLED_Command             text41       0039C6
__end_of_OLED_Data                text40       0039A8
__end_of_OLED_Init                text36       002D0C
__end_of_OLED_SetCursor           text38       00398A
__end_of_OLED_WriteChar           text35       002942
__end_of_OLED_WriteString         text34       0034DE
__end_of___awdiv                  text21       002DCC
__end_of___awmod                  text20       002E7A
__end_of___fladd                  text16       001774
__end_of___fldiv                  text50       001F28
__end_of___fleq                   text18       002FCE
__end_of___flge                   text31       002B4C
__end_of___flmul                  text44       001B9A
__end_of___flneg                  text17       0037E6
__end_of___flsub                  text15       0036BA
__end_of___fltol                  text14       002A48
__end_of___fpclassifyf            text13       002C44
__end_of___xxtofl                 text49       002836
__end_of__initialization          cinit        003920
__end_of_abs                      text19       003886
__end_of_control_aire             text32       00353A
__end_of_control_humedad          text30       003336
__end_of_control_luz              text29       00311A
__end_of_control_temperatura      text28       003074
__end_of_efgtoa                   text4        0012BE
__end_of_floorf                   text12       002682
__end_of_font5x7                  smallconst   0008C9
__end_of_fputc                    text8        002F24
__end_of_fputs                    text7        003736
__end_of_init_ADC                 text27       003A24
__end_of_init_PWM                 text26       003A16
__end_of_labs                     text11       003590
__end_of_leer_adc                 text25       003774
__end_of_leer_aire                text24       0039F8
__end_of_leer_temperatura         text23       0032B6
__end_of_main                     text0        002470
__end_of_memcpy                   text10       0035E0
__end_of_pad                      text6        003480
__end_of_putch                    text9        003A32
__end_of_set_PWM_duty             text33       00362C
__end_of_setup                    text22       003A08
__end_of_sprintf                  text1        003852
__end_of_strcpy                   text5        0037AE
__end_of_vfpfcnvrt                text3        00224C
__end_of_vfprintf                 text2        0036F8
__initialization                  cinit        003908
__mediumconst                     smallconst   000800
__pbssBANK0                       bssBANK0     0000C8
__pbssBANK1                       bssBANK1     000100
__pcinit                          cinit        003908
__pcstackBANK0                    cstackBANK0  000060
__pcstackCOMRAM                   cstackCOMRAM 000001
__psmallconst                     smallconst   000800
__ptext0                          text0        00224C
__ptext1                          text1        00381E
__ptext10                         text10       003590
__ptext11                         text11       00353A
__ptext12                         text12       002470
__ptext13                         text13       002B4C
__ptext14                         text14       002942
__ptext15                         text15       003674
__ptext16                         text16       0012BE
__ptext17                         text17       0037AE
__ptext18                         text18       002F24
__ptext19                         text19       003852
__ptext2                          text2        0036BA
__ptext20                         text20       002DCC
__ptext21                         text21       002D0C
__ptext22                         text22       0039F8
__ptext23                         text23       003232
__ptext24                         text24       0039E4
__ptext25                         text25       003736
__ptext26                         text26       003A08
__ptext27                         text27       003A16
__ptext28                         text28       002FCE
__ptext29                         text29       003074
__ptext3                          text3        001F28
__ptext30                         text30       0032B6
__ptext31                         text31       002A48
__ptext32                         text32       0034DE
__ptext33                         text33       0035E0
__ptext34                         text34       003480
__ptext35                         text35       002836
__ptext36                         text36       002C44
__ptext37                         text37       0038E0
__ptext38                         text38       00396C
__ptext39                         text39       00362C
__ptext4                          text4        0008F4
__ptext40                         text40       00398A
__ptext41                         text41       0039A8
__ptext42                         text42       003A24
__ptext43                         text43       0031AA
__ptext44                         text44       001774
__ptext45                         text45       0037E6
__ptext46                         text46       00394C
__ptext47                         text47       0039C6
__ptext48                         text48       0033AE
__ptext49                         text49       002682
__ptext5                          text5        003774
__ptext50                         text50       001B9A
__ptext51                         text51       00311A
__ptext52                         text52       003886
__ptext53                         text53       003336
__ptext54                         text54       00392A
__ptext55                         text55       0038B4
__ptext6                          text6        003420
__ptext7                          text7        0036F8
__ptext8                          text8        002E7A
__ptext9                          text9        003A30
__ramtop                          ramtop       000800
__smallconst                      smallconst   000800
_abs                              text19       003852
_contador_aire                    bssBANK0     0000D8
_control_aire                     text32       0034DE
_control_humedad                  text30       0032B6
_control_luz                      text29       003074
_control_temperatura              text28       002FCE
_dbuf                             bssBANK1     000100
_efgtoa                           text4        0008F4
_efgtoa$1354                      cstackBANK0  000066
_flags                            bssBANK0     0000DA
_floorf                           text12       002470
_font5x7                          smallconst   000801
_fputc                            text8        002E7A
_fputs                            text7        0036F8
_init_ADC                         text27       003A16
_init_PWM                         text26       003A08
_labs                             text11       00353A
_leer_adc                         text25       003736
_leer_aire                        text24       0039E4
_leer_temperatura                 text23       003232
_main                             text0        00224C
_main$1687                        cstackBANK0  0000C6
_memcpy                           text10       003590
_pad                              text6        003420
_prec                             bssBANK0     0000D2
_putch                            text9        003A30
_set_PWM_duty                     text33       0035E0
_setup                            text22       0039F8
_sprintf                          text1        00381E
_strcpy                           text5        003774
_vfpfcnvrt                        text3        001F28
_vfprintf                         text2        0036BA
_width                            bssBANK0     0000D0
abs@a                             cstackCOMRAM 000007
control_aire@aire                 cstackCOMRAM 000005
control_humedad@H                 cstackCOMRAM 000034
control_luz@led_on                bssBANK0     0000D4
control_luz@lux                   cstackCOMRAM 000034
control_temperatura@T             cstackCOMRAM 000034
control_temperatura@calentador_on bssBANK0     0000D6
efgtoa@c                          cstackCOMRAM 00005A
efgtoa@d                          cstackBANK0  00006B
efgtoa@e                          cstackBANK0  00006F
efgtoa@f                          cstackCOMRAM 000056
efgtoa@fp                         cstackCOMRAM 000055
efgtoa@g                          cstackBANK0  000082
efgtoa@h                          cstackBANK0  000079
efgtoa@i                          cstackBANK0  000077
efgtoa@l                          cstackBANK0  00007D
efgtoa@m                          cstackBANK0  00006D
efgtoa@mode                       cstackBANK0  000069
efgtoa@n                          cstackBANK0  000086
efgtoa@ne                         cstackBANK0  000060
efgtoa@nmode                      cstackBANK0  00006A
efgtoa@ou                         cstackBANK0  000073
efgtoa@p                          cstackBANK0  000062
efgtoa@pp                         cstackBANK0  000068
efgtoa@sign                       cstackBANK0  000081
efgtoa@t                          cstackBANK0  000064
efgtoa@u                          cstackBANK0  000088
efgtoa@w                          cstackBANK0  000071
end_of_initialization             cinit        003920
floorf@F521                       bssBANK0     0000C8
floorf@e                          cstackCOMRAM 00004F
floorf@m                          cstackCOMRAM 00004B
floorf@u                          cstackCOMRAM 000051
floorf@x                          cstackCOMRAM 000041
fputc@c                           cstackCOMRAM 000001
fputc@fp                          cstackCOMRAM 000003
fputs@c                           cstackCOMRAM 00000C
fputs@fp                          cstackCOMRAM 00000B
fputs@i                           cstackCOMRAM 00000D
fputs@s                           cstackCOMRAM 000009
intlevel0                         text         000000
intlevel1                         text         000000
intlevel2                         text         000000
intlevel3                         text         000000
isa$std                           (abs)        000001
isa$xinst                         (abs)        000000
labs@a                            cstackCOMRAM 000001
leer_adc@canal                    cstackCOMRAM 000001
leer_temperatura@adc              cstackCOMRAM 000045
main@aire                         cstackBANK0  0000C4
main@buffer                       cstackBANK0  0000AC
main@humedad                      cstackBANK0  0000BC
main@lux                          cstackBANK0  0000C0
main@temp                         cstackBANK0  0000B8
memcpy@d                          cstackCOMRAM 000008
memcpy@d1                         cstackCOMRAM 000001
memcpy@n                          cstackCOMRAM 000005
memcpy@s                          cstackCOMRAM 00000A
memcpy@s1                         cstackCOMRAM 000003
memcpy@tmp                        cstackCOMRAM 000007
pad@buf                           cstackCOMRAM 000010
pad@fp                            cstackCOMRAM 00000F
pad@i                             cstackCOMRAM 000015
pad@p                             cstackCOMRAM 000012
set_PWM_duty@duty                 cstackCOMRAM 000001
sprintf@ap                        cstackBANK0  00009E
sprintf@f                         cstackBANK0  00009F
sprintf@fmt                       cstackBANK0  000099
sprintf@s                         cstackBANK0  000098
stackhi                           (abs)        000000
stacklo                           (abs)        000000
start                             init         007FFC
start_initialization              cinit        003908
strcpy@d                          cstackCOMRAM 000005
strcpy@dest                       cstackCOMRAM 000001
strcpy@src                        cstackCOMRAM 000003
vfpfcnvrt@ap                      cstackCOMRAM 00005F
vfpfcnvrt@c                       cstackBANK0  000093
vfpfcnvrt@convarg                 cstackBANK0  00008E
vfpfcnvrt@cp                      cstackBANK0  000092
vfpfcnvrt@done                    cstackBANK0  00008D
vfpfcnvrt@fmt                     cstackCOMRAM 00005E
vfpfcnvrt@fp                      cstackCOMRAM 00005D
vfprintf@ap                       cstackBANK0  000096
vfprintf@cfmt                     cstackBANK0  000097
vfprintf@fmt                      cstackBANK0  000095
vfprintf@fp                       cstackBANK0  000094


MODULE INFORMATION

Module		Function		Class		Link	Load	Size
C:\Program Files\Microchip\xc8\v3.10\pic\sources\c99\common\flge.c
		___flge        		CODE           	2A48	0000	260

C:\Program Files\Microchip\xc8\v3.10\pic\sources\c99\common\flge.c estimated size: 260

C:\Program Files\Microchip\xc8\v3.10\pic\sources\c99\common\awmod.c
		___awmod       		CODE           	2DCC	0000	174

C:\Program Files\Microchip\xc8\v3.10\pic\sources\c99\common\awmod.c estimated size: 174

C:\Program Files\Microchip\xc8\v3.10\pic\sources\c99\common\memcpy.c
		_memcpy        		CODE           	3590	0000	80

C:\Program Files\Microchip\xc8\v3.10\pic\sources\c99\common\memcpy.c estimated size: 80

C:\Program Files\Microchip\xc8\v3.10\pic\sources\c99\common\putch.c
		_putch         		CODE           	3A30	0000	2

C:\Program Files\Microchip\xc8\v3.10\pic\sources\c99\common\putch.c estimated size: 2

C:\Program Files\Microchip\xc8\v3.10\pic\sources\c99\common\abs.c
		_abs           		CODE           	3852	0000	52

C:\Program Files\Microchip\xc8\v3.10\pic\sources\c99\common\abs.c estimated size: 52

bh1750.c
		_BH1750_Init   		CODE           	3886	0000	46
		_BH1750_ReadLux		CODE           	33AE	0000	114

bh1750.c estimated size: 160

C:\Program Files\Microchip\xc8\v3.10\pic\sources\c99\common\nf_fputs.c
		_fputs         		CODE           	36F8	0000	62

C:\Program Files\Microchip\xc8\v3.10\pic\sources\c99\common\nf_fputs.c estimated size: 62

i2c.c
		_I2C_Write     		CODE           	3336	0000	120
		_I2C_Stop      		CODE           	392A	0000	34
		_I2C_Read      		CODE           	311A	0000	144
		_I2C_Init      		CODE           	3A24	0000	12
		_I2C_Start     		CODE           	38B4	0000	44

i2c.c estimated size: 354

bme280.c
		_BME280_ReadHumidity		CODE           	31AA	0000	136
		_BME280_Read   		CODE           	37E6	0000	56
		_BME280_Init   		CODE           	394C	0000	32
		_BME280_Write  		CODE           	39C6	0000	30

bme280.c estimated size: 254

pwm.c
		_set_PWM_duty  		CODE           	35E0	0000	76
		_init_PWM      		CODE           	3A08	0000	14

pwm.c estimated size: 90

C:\Program Files\Microchip\xc8\v3.10\pic\sources\c99\common\floorf.c
		_floorf        		CODE           	2470	0000	530

C:\Program Files\Microchip\xc8\v3.10\pic\sources\c99\common\floorf.c estimated size: 530

C:\Program Files\Microchip\xc8\v3.10\pic\sources\c99\common\awdiv.c
		___awdiv       		CODE           	2D0C	0000	192

C:\Program Files\Microchip\xc8\v3.10\pic\sources\c99\common\awdiv.c estimated size: 192

adc.c
		_leer_adc      		CODE           	3736	0000	62
		_init_ADC      		CODE           	3A16	0000	14

adc.c estimated size: 76

C:\Program Files\Microchip\xc8\v3.10\pic\sources\c99\common\__fpclassifyf.c
		___fpclassifyf 		CODE           	2B4C	0000	248

C:\Program Files\Microchip\xc8\v3.10\pic\sources\c99\common\__fpclassifyf.c estimated size: 248

C:\Program Files\Microchip\xc8\v3.10\pic\sources\c99\common\fltol.c
		___fltol       		CODE           	2942	0000	262

C:\Program Files\Microchip\xc8\v3.10\pic\sources\c99\common\fltol.c estimated size: 262

C:\Program Files\Microchip\xc8\v3.10\pic\sources\c99\common\sprcmul.c
		___flmul       		CODE           	1774	0000	1062

C:\Program Files\Microchip\xc8\v3.10\pic\sources\c99\common\sprcmul.c estimated size: 1062

C:\Program Files\Microchip\xc8\v3.10\pic\sources\c99\common\fleq.c
		___fleq        		CODE           	2F24	0000	170

C:\Program Files\Microchip\xc8\v3.10\pic\sources\c99\common\fleq.c estimated size: 170

C:\Program Files\Microchip\xc8\v3.10\pic\sources\c99\common\nf_sprintf.c
		_sprintf       		CODE           	381E	0000	52

C:\Program Files\Microchip\xc8\v3.10\pic\sources\c99\common\nf_sprintf.c estimated size: 52

C:\Program Files\Microchip\xc8\v3.10\pic\sources\c99\common\xxtofl.c
		___xxtofl      		CODE           	2682	0000	436

C:\Program Files\Microchip\xc8\v3.10\pic\sources\c99\common\xxtofl.c estimated size: 436

C:\Program Files\Microchip\xc8\v3.10\pic\sources\c99\common\sprcdiv.c
		___fldiv       		CODE           	1B9A	0000	910

C:\Program Files\Microchip\xc8\v3.10\pic\sources\c99\common\sprcdiv.c estimated size: 910

control.c
		_control_luz   		CODE           	3074	0000	166
		_control_temperatura		CODE           	2FCE	0000	166
		_control_aire  		CODE           	34DE	0000	92
		_control_humedad		CODE           	32B6	0000	128

control.c estimated size: 552

shared
		_font5x7       		SMALLCONST     	0801	0000	200
		__initialization		CODE           	3908	0000	24

shared estimated size: 224

C:\Program Files\Microchip\xc8\v3.10\pic\sources\c99\common\strcpy.c
		_strcpy        		CODE           	3774	0000	58

C:\Program Files\Microchip\xc8\v3.10\pic\sources\c99\common\strcpy.c estimated size: 58

C:\Program Files\Microchip\xc8\v3.10\pic\sources\c99\common\nf_fputc.c
		_fputc         		CODE           	2E7A	0000	170

C:\Program Files\Microchip\xc8\v3.10\pic\sources\c99\common\nf_fputc.c estimated size: 170

oled.c
		_OLED_SetCursor		CODE           	396C	0000	30
		_OLED_Clear    		CODE           	362C	0000	72
		_OLED_Command  		CODE           	39A8	0000	30
		_OLED_WriteString		CODE           	3480	0000	94
		_OLED_ClearLine		CODE           	38E0	0000	40
		_OLED_WriteChar		CODE           	2836	0000	268
		_OLED_Init     		CODE           	2C44	0000	200
		_OLED_Data     		CODE           	398A	0000	30

oled.c estimated size: 764

sensores.c
		_leer_temperatura		CODE           	3232	0000	132
		_leer_aire     		CODE           	39E4	0000	20

sensores.c estimated size: 152

C:\Program Files\Microchip\xc8\v3.10\pic\sources\c99\common\flneg.c
		___flneg       		CODE           	37AE	0000	56

C:\Program Files\Microchip\xc8\v3.10\pic\sources\c99\common\flneg.c estimated size: 56

C:\Program Files\Microchip\xc8\v3.10\pic\sources\c99\common\doprnt.c
		_vfpfcnvrt     		CODE           	1F28	0000	804
		_efgtoa        		CODE           	08F4	0000	2506
		_pad           		CODE           	3420	0000	96
		_vfprintf      		CODE           	36BA	0000	62

C:\Program Files\Microchip\xc8\v3.10\pic\sources\c99\common\doprnt.c estimated size: 3468

main.c
		_main          		CODE           	224C	0000	548
		_setup         		CODE           	39F8	0000	16

main.c estimated size: 564

C:\Program Files\Microchip\xc8\v3.10\pic\sources\c99\common\labs.c
		_labs          		CODE           	353A	0000	86

C:\Program Files\Microchip\xc8\v3.10\pic\sources\c99\common\labs.c estimated size: 86

C:\Program Files\Microchip\xc8\v3.10\pic\sources\c99\common\sprcadd.c
		___flsub       		CODE           	3674	0000	70
		___fladd       		CODE           	12BE	0000	1206

C:\Program Files\Microchip\xc8\v3.10\pic\sources\c99\common\sprcadd.c estimated size: 1276

