Microchip MPLAB XC8 Compiler V3.10

Linker command line:

-W-3 \
  --edf=C:\Program Files\Microchip\xc8\v3.10\pic\dat\20250813170317_en.msgs \
  -cn -h+dist/default/production\proyecto_fixed.production.sym \
  --cmf=dist/default/production\proyecto_fixed.production.cmf -z -Q18F4550 \
  -oC:\Users\nicos\AppData\Local\Temp\xcAscv0.0\driver_tmp_3.o \
  --defsym=__MPLAB_BUILD=1 --fixupoverflow=error \
  -Mdist/default/production/proyecto_fixed.production.map \
  --md=C:\Users\nicos\AppData\Local\Temp\xcAscv0.0\driver_tmp_0.dat -E1 \
  -ver=XC8 Compiler -ACODE=00h-07FFFh -ACONST=00h-07FFFh \
  -ASMALLCONST=0800h-08FFhx120 -AMEDIUMCONST=0800h-07FFFh -ACOMRAM=01h-05Fh \
  -AABS1=00h-07FFh -ABIGRAM=01h-07FFh -ARAM=060h-0FFh,0100h-01FFhx7 \
  -ABANK0=060h-0FFh -ABANK1=0100h-01FFh -ABANK2=0200h-02FFh \
  -ABANK3=0300h-03FFh -ABANK4=0400h-04FFh -ABANK5=0500h-05FFh \
  -ABANK6=0600h-06FFh -ABANK7=0700h-07FFh -ASFR=0F60h-0FFFh \
  -ABIGSFR=0F60h-0FFFh -ACONFIG=0300000h-030000Dh -AIDLOC=0200000h-0200007h \
  -AEEDATA=0F00000h-0F000FFh -peeprom_data=EEDATA \
  -preset_vec=00h,intcode=8h,intcodelo=18h,sivt_lo,sivt_hi=CODE \
  -ppowerup=CODE,init -pramtop=0800h -psmallconst=SMALLCONST \
  -pmediumconst=MEDIUMCONST -pconst=CONST -AFARRAM=00h-00h \
  -prdata=COMRAM,nvrram=COMRAM,nvbit=COMRAM,rbss=COMRAM,rbit=COMRAM \
  -pfarbss=FARRAM,fardata=FARRAM,nvFARRAM=FARRAM \
  -pintsave_regs=BIGRAM,bigbss=BIGRAM,bigdata=BIGRAM -pbss=RAM \
  -pidata=CODE,irdata=CODE,ibigdata=CODE,ifardata=CODE -prparam=COMRAM \
  C:\Users\nicos\AppData\Local\Temp\xcAscv0.0\driver_tmp_14.o \
  dist/default/production\proyecto_fixed.production.o 

Object code version is 3.11

Machine type is 18F4550



                Name                               Link     Load   Length Selector   Space Scale
C:\Users\nicos\AppData\Local\Temp\xcAscv0.0\driver_tmp_14.o
                config                           300000   300000        8        0       4
                init                               7FFC     7FFC        4     3FFE       0
                reset_vec                             0        0        4        0       0
dist/default/production\proyecto_fixed.production.o
                config                           300000   300000        8        0       4
                smallconst                          800      800       E2      400       0
                text42                             215E     215E       2C      471       0
                text41                             2202     2202       22      471       0
                text40                             1E78     1E78       78      471       0
                text39                             227E     227E       1E      471       0
                text38                             229C     229C       16      471       0
                text37                             1C5C     1C5C       90      471       0
                text36                             2132     2132       2C      471       0
                text35                              D08      D08      38E      471       0
                text34                              8E2      8E2      426      471       0
                text33                             1270     1270      1B4      471       0
                text32                             1CEC     1CEC       88      471       0
                text31                             22FA     22FA        C      471       0
                text30                             2260     2260       1E      471       0
                text29                             2242     2242       1E      471       0
                text28                             2010     2010       48      471       0
                text27                             2224     2224       1E      471       0
                text26                             21B4     21B4       28      471       0
                text25                             18DE     18DE       C8      471       0
                text24                             15CC     15CC      108      471       0
                text23                             218A     218A       2A      471       0
                text22                             16D4     16D4      106      471       0
                text21                             1FC4     1FC4       4C      471       0
                text20                             1F62     1F62       62      471       0
                text19                             17DA     17DA      104      471       0
                text18                             1DF8     1DF8       80      471       0
                text17                             1EF0     1EF0       72      471       0
                text16                             1BBE     1BBE       9E      471       0
                text15                             2306     2306        A      471       0
                text14                             22EC     22EC        E      471       0
                text13                             2058     2058       3E      471       0
                text12                             22C6     22C6       14      471       0
                text11                             22B2     22B2       14      471       0
                text10                             1D74     1D74       84      471       0
                text9                              22DA     22DA       12      471       0
                text8                              19A6     19A6       C0      471       0
                text7                              1A66     1A66       AE      471       0
                text6                              20CE     20CE       34      471       0
                text5                              2310     2310        2      471       0
                text4                              1B14     1B14       AA      471       0
                text3                              1096     1096      1DA      471       0
                text2                              2096     2096       38      471       0
                text1                              2102     2102       30      471       0
                text0                              1424     1424      1A8      471       0
                cstackCOMRAM                          1        1       4C        1       1
                cstackBANK0                          80       80       18       60       1
                bssBANK0                             60       60       20       60       1
                bssCOMRAM                            4D       4D        B        1       1
                cinit                              21DC     21DC       26      471       0

TOTAL           Name                               Link     Load   Length     Space
        CLASS   CODE           
                init                               7FFC     7FFC        4         0
                reset_vec                             0        0        4         0
                text42                             215E     215E       2C         0
                text41                             2202     2202       22         0
                text40                             1E78     1E78       78         0
                text39                             227E     227E       1E         0
                text38                             229C     229C       16         0
                text37                             1C5C     1C5C       90         0
                text36                             2132     2132       2C         0
                text35                              D08      D08      38E         0
                text34                              8E2      8E2      426         0
                text33                             1270     1270      1B4         0
                text32                             1CEC     1CEC       88         0
                text31                             22FA     22FA        C         0
                text30                             2260     2260       1E         0
                text29                             2242     2242       1E         0
                text28                             2010     2010       48         0
                text27                             2224     2224       1E         0
                text26                             21B4     21B4       28         0
                text25                             18DE     18DE       C8         0
                text24                             15CC     15CC      108         0
                text23                             218A     218A       2A         0
                text22                             16D4     16D4      106         0
                text21                             1FC4     1FC4       4C         0
                text20                             1F62     1F62       62         0
                text19                             17DA     17DA      104         0
                text18                             1DF8     1DF8       80         0
                text17                             1EF0     1EF0       72         0
                text16                             1BBE     1BBE       9E         0
                text15                             2306     2306        A         0
                text14                             22EC     22EC        E         0
                text13                             2058     2058       3E         0
                text12                             22C6     22C6       14         0
                text11                             22B2     22B2       14         0
                text10                             1D74     1D74       84         0
                text9                              22DA     22DA       12         0
                text8                              19A6     19A6       C0         0
                text7                              1A66     1A66       AE         0
                text6                              20CE     20CE       34         0
                text5                              2310     2310        2         0
                text4                              1B14     1B14       AA         0
                text3                              1096     1096      1DA         0
                text2                              2096     2096       38         0
                text1                              2102     2102       30         0
                text0                              1424     1424      1A8         0
                cinit                              21DC     21DC       26         0

        CLASS   CONST          

        CLASS   SMALLCONST     
                smallconst                          800      800       E2         0

        CLASS   MEDIUMCONST    

        CLASS   COMRAM         
                cstackCOMRAM                          1        1       4C         1
                bssCOMRAM                            4D       4D        B         1

        CLASS   ABS1           

        CLASS   BIGRAM         

        CLASS   RAM            

        CLASS   BANK0          
                cstackBANK0                          80       80       18         1
                bssBANK0                             60       60       20         1

        CLASS   BANK1          

        CLASS   BANK2          

        CLASS   BANK3          

        CLASS   BANK4          

        CLASS   BANK5          

        CLASS   BANK6          

        CLASS   BANK7          

        CLASS   SFR            

        CLASS   BIGSFR         

        CLASS   CONFIG         
                config                           300000   300000        8         4

        CLASS   IDLOC          

        CLASS   EEDATA         

        CLASS   FARRAM         

        CLASS   HEAP           

        CLASS   STACK          



SEGMENTS        Name                           Load    Length   Top    Selector   Space  Class

                reset_vec                      000000  000004  000004         0       0  CODE    
                cstackCOMRAM                   000001  000057  000058         1       1  COMRAM  
                bssBANK0                       000060  000038  000098        60       1  BANK0   
                smallconst                     000800  0000E2  0008E2       400       0  SMALLCON
                text34                         0008E2  001A30  002312       471       0  CODE    
                init                           007FFC  000004  008000      3FFE       0  CODE    


UNUSED ADDRESS RANGES

        Name                Unused          Largest block    Delta
        BANK0            000098-0000FF               68
        BANK1            000100-0001FF              100
        BANK2            000200-0002FF              100
        BANK3            000300-0003FF              100
        BANK4            000400-0004FF              100
        BANK5            000500-0005FF              100
        BANK6            000600-0006FF              100
        BANK7            000700-0007FF              100
        BIGRAM           000058-00005F                8
                         000098-0007FF              768
        BIGSFR           000F60-000FFF               A0
        CODE             000004-0007FF              7FC
                         002312-007FFB             5CEA
        COMRAM           000058-00005F                8
        CONFIG           300008-30000D                6
        CONST            000004-0007FF              7FC
                         002312-007FFB             5CEA
        EEDATA           F00000-F000FF              100
        IDLOC            200000-200007                8
        MEDIUMCONST      002312-007FFB             5CEA
        RAM              000098-0007FF              100
        SFR              000F60-000FFF               A0
        SMALLCONST       002312-007FFB              100

                                  Symbol Table

?_BME280_ReadHumidity             cstackCOMRAM 000041
?___awdiv                         cstackCOMRAM 000001
?___awmod                         cstackCOMRAM 000001
?___fldiv                         cstackCOMRAM 000028
?___flmul                         cstackCOMRAM 00000F
?___fltol                         cstackCOMRAM 000001
?___xxtofl                        cstackCOMRAM 000001
?_abs                             cstackCOMRAM 000007
?_leer_adc                        cstackCOMRAM 000001
?_leer_aire                       cstackCOMRAM 000005
?_leer_luz                        cstackCOMRAM 000005
?_leer_temperatura                cstackCOMRAM 000041
?_sprintf                         cstackCOMRAM 00001A
?_vfprintf                        cstackCOMRAM 000016
BME280_Read@data                  cstackCOMRAM 000006
BME280_Read@reg                   cstackCOMRAM 000005
BME280_ReadHumidity@lsb           cstackCOMRAM 00004A
BME280_ReadHumidity@msb           cstackCOMRAM 000049
BME280_ReadHumidity@raw           cstackCOMRAM 000047
BME280_Write@data                 cstackCOMRAM 000004
BME280_Write@reg                  cstackCOMRAM 000005
I2C_Read@ack                      cstackCOMRAM 000002
I2C_Read@data                     cstackCOMRAM 000003
I2C_Read@i                        cstackCOMRAM 000004
I2C_Write@data                    cstackCOMRAM 000002
I2C_Write@i                       cstackCOMRAM 000003
OLED_Clear@i                      cstackCOMRAM 000005
OLED_ClearLine@i                  cstackCOMRAM 000008
OLED_ClearLine@linea              cstackCOMRAM 000007
OLED_Command@cmd                  cstackCOMRAM 000004
OLED_Data@data                    cstackCOMRAM 000004
OLED_SetCursor@col                cstackCOMRAM 000006
OLED_SetCursor@page               cstackCOMRAM 000005
OLED_WriteChar@c                  cstackCOMRAM 000009
OLED_WriteChar@i                  cstackCOMRAM 000008
OLED_WriteChar@index              cstackCOMRAM 000006
OLED_WriteString@str              cstackCOMRAM 00000A
_ADCON0                           (abs)        000FC2
_ADCON0bits                       (abs)        000FC2
_ADCON1                           (abs)        000FC1
_ADCON2                           (abs)        000FC0
_ADRESH                           (abs)        000FC4
_ADRESL                           (abs)        000FC3
_BME280_Init                      text38       00229C
_BME280_Read                      text36       002132
_BME280_ReadHumidity              text32       001CEC
_BME280_Write                     text39       00227E
_CCP1CON                          (abs)        000FBD
_CCP1CONbits                      (abs)        000FBD
_CCPR1L                           (abs)        000FBE
_GO_nDONE                         (abs)        007E11
_I2C_Init                         text31       0022FA
_I2C_Read                         text37       001C5C
_I2C_Start                        text42       00215E
_I2C_Stop                         text41       002202
_I2C_Write                        text40       001E78
_INTCON2bits                      (abs)        000FF1
_LATBbits                         (abs)        000F8A
_LATD                             (abs)        000F8C
_LATDbits                         (abs)        000F8C
_OLED_Clear                       text28       002010
_OLED_ClearLine                   text26       0021B4
_OLED_Command                     text30       002260
_OLED_Data                        text29       002242
_OLED_Init                        text25       0018DE
_OLED_SetCursor                   text27       002224
_OLED_WriteChar                   text24       0015CC
_OLED_WriteString                 text23       00218A
_OSCCON                           (abs)        000FD3
_PORTBbits                        (abs)        000F81
_PR2                              (abs)        000FCB
_T2CON                            (abs)        000FCA
_TRISA                            (abs)        000F92
_TRISB                            (abs)        000F93
_TRISBbits                        (abs)        000F93
_TRISCbits                        (abs)        000F94
_TRISD                            (abs)        000F95
__HRAM                            (abs)        000000
__H__absolute__                   __absolute__ 000000
__Habs1                           abs1         000000
__Hbank0                          bank0        000000
__Hbank1                          bank1        000000
__Hbank2                          bank2        000000
__Hbank3                          bank3        000000
__Hbank4                          bank4        000000
__Hbank5                          bank5        000000
__Hbank6                          bank6        000000
__Hbank7                          bank7        000000
__Hbigbss                         bigbss       000000
__Hbigdata                        bigdata      000000
__Hbigram                         bigram       000000
__Hbigsfr                         bigsfr       000000
__Hbss                            bss          000000
__HbssBANK0                       bssBANK0     000000
__HbssCOMRAM                      bssCOMRAM    000000
__Hcinit                          cinit        000000
__Hclrtext                        clrtext      000000
__Hcomram                         comram       000000
__Hconfig                         config       300008
__Hconst                          const        000000
__HcstackBANK0                    cstackBANK0  000000
__HcstackCOMRAM                   cstackCOMRAM 000000
__Hdata                           data         000000
__Heeprom_data                    eeprom_data  000000
__Hfarbss                         farbss       000000
__Hfardata                        fardata      000000
__Hheap                           heap         000000
__Hibigdata                       ibigdata     000000
__Hidata                          idata        000000
__Hidloc                          idloc        000000
__Hifardata                       ifardata     000000
__Hinit                           init         008000
__Hintcode                        intcode      000008
__Hintcode_body                   intcode_body 000000
__Hintcodelo                      intcodelo    000018
__Hintentry                       intentry     000000
__Hintret                         intret       000000
__Hintsave_regs                   intsave_regs 000000
__Hirdata                         irdata       000000
__Hmediumconst                    mediumconst  000000
__HnvFARRAM                       nvFARRAM     000000
__Hnvbit                          nvbit        000000
__Hnvrram                         nvrram       000000
__Hparam                          rparam       000000
__Hpowerup                        powerup      000000
__Hram                            ram          000000
__Hramtop                         ramtop       000800
__Hrbit                           rbit         000000
__Hrbss                           rbss         000000
__Hrdata                          rdata        000000
__Hreset_vec                      reset_vec    000004
__Hrparam                         rparam       000000
__Hsfr                            sfr          000000
__Hsivt_hi                        sivt_hi      000000
__Hsivt_lo                        sivt_lo      000018
__Hsmallconst                     smallconst   0008E2
__Hspace_0                        (abs)        008000
__Hspace_1                        (abs)        000098
__Hspace_2                        (abs)        000000
__Hspace_4                        (abs)        600008
__Hstack                          stack        000000
__Hstruct                         struct       000000
__Htemp                           temp         000000
__Htext                           text         000000
__Htext0                          text0        000000
__Htext1                          text1        000000
__Htext10                         text10       000000
__Htext11                         text11       000000
__Htext12                         text12       000000
__Htext13                         text13       000000
__Htext14                         text14       000000
__Htext15                         text15       000000
__Htext16                         text16       000000
__Htext17                         text17       000000
__Htext18                         text18       000000
__Htext19                         text19       000000
__Htext2                          text2        000000
__Htext20                         text20       000000
__Htext21                         text21       000000
__Htext22                         text22       000000
__Htext23                         text23       000000
__Htext24                         text24       000000
__Htext25                         text25       000000
__Htext26                         text26       000000
__Htext27                         text27       000000
__Htext28                         text28       000000
__Htext29                         text29       000000
__Htext3                          text3        000000
__Htext30                         text30       000000
__Htext31                         text31       000000
__Htext32                         text32       000000
__Htext33                         text33       000000
__Htext34                         text34       000000
__Htext35                         text35       000000
__Htext36                         text36       000000
__Htext37                         text37       000000
__Htext38                         text38       000000
__Htext39                         text39       000000
__Htext4                          text4        000000
__Htext40                         text40       000000
__Htext41                         text41       000000
__Htext42                         text42       000000
__Htext5                          text5        000000
__Htext6                          text6        000000
__Htext7                          text7        000000
__Htext8                          text8        000000
__Htext9                          text9        000000
__LRAM                            (abs)        000001
__L__absolute__                   __absolute__ 000000
__Labs1                           abs1         000000
__Lbank0                          bank0        000000
__Lbank1                          bank1        000000
__Lbank2                          bank2        000000
__Lbank3                          bank3        000000
__Lbank4                          bank4        000000
__Lbank5                          bank5        000000
__Lbank6                          bank6        000000
__Lbank7                          bank7        000000
__Lbigbss                         bigbss       000000
__Lbigdata                        bigdata      000000
__Lbigram                         bigram       000000
__Lbigsfr                         bigsfr       000000
__Lbss                            bss          000000
__LbssBANK0                       bssBANK0     000000
__LbssCOMRAM                      bssCOMRAM    000000
__Lcinit                          cinit        000000
__Lclrtext                        clrtext      000000
__Lcomram                         comram       000000
__Lconfig                         config       000000
__Lconst                          const        000000
__LcstackBANK0                    cstackBANK0  000000
__LcstackCOMRAM                   cstackCOMRAM 000000
__Ldata                           data         000000
__Leeprom_data                    eeprom_data  000000
__Lfarbss                         farbss       000000
__Lfardata                        fardata      000000
__Lheap                           heap         000000
__Libigdata                       ibigdata     000000
__Lidata                          idata        000000
__Lidloc                          idloc        000000
__Lifardata                       ifardata     000000
__Linit                           init         007FFC
__Lintcode                        intcode      000008
__Lintcode_body                   intcode_body 000000
__Lintcodelo                      intcodelo    000018
__Lintentry                       intentry     000000
__Lintret                         intret       000000
__Lintsave_regs                   intsave_regs 000000
__Lirdata                         irdata       000000
__Lmediumconst                    mediumconst  000000
__LnvFARRAM                       nvFARRAM     000000
__Lnvbit                          nvbit        000000
__Lnvrram                         nvrram       000000
__Lparam                          rparam       000000
__Lpowerup                        powerup      000000
__Lram                            ram          000000
__Lramtop                         ramtop       000800
__Lrbit                           rbit         000000
__Lrbss                           rbss         000000
__Lrdata                          rdata        000000
__Lreset_vec                      reset_vec    000000
__Lrparam                         rparam       000000
__Lsfr                            sfr          000000
__Lsivt_hi                        sivt_hi      000000
__Lsivt_lo                        sivt_lo      000018
__Lsmallconst                     smallconst   000800
__Lspace_0                        (abs)        000000
__Lspace_1                        (abs)        000000
__Lspace_2                        (abs)        000000
__Lspace_4                        (abs)        000000
__Lstack                          stack        000000
__Lstruct                         struct       000000
__Ltemp                           temp         000000
__Ltext                           text         000000
__Ltext0                          text0        000000
__Ltext1                          text1        000000
__Ltext10                         text10       000000
__Ltext11                         text11       000000
__Ltext12                         text12       000000
__Ltext13                         text13       000000
__Ltext14                         text14       000000
__Ltext15                         text15       000000
__Ltext16                         text16       000000
__Ltext17                         text17       000000
__Ltext18                         text18       000000
__Ltext19                         text19       000000
__Ltext2                          text2        000000
__Ltext20                         text20       000000
__Ltext21                         text21       000000
__Ltext22                         text22       000000
__Ltext23                         text23       000000
__Ltext24                         text24       000000
__Ltext25                         text25       000000
__Ltext26                         text26       000000
__Ltext27                         text27       000000
__Ltext28                         text28       000000
__Ltext29                         text29       000000
__Ltext3                          text3        000000
__Ltext30                         text30       000000
__Ltext31                         text31       000000
__Ltext32                         text32       000000
__Ltext33                         text33       000000
__Ltext34                         text34       000000
__Ltext35                         text35       000000
__Ltext36                         text36       000000
__Ltext37                         text37       000000
__Ltext38                         text38       000000
__Ltext39                         text39       000000
__Ltext4                          text4        000000
__Ltext40                         text40       000000
__Ltext41                         text41       000000
__Ltext42                         text42       000000
__Ltext5                          text5        000000
__Ltext6                          text6        000000
__Ltext7                          text7        000000
__Ltext8                          text8        000000
__Ltext9                          text9        000000
__S0                              (abs)        008000
__S1                              (abs)        000098
__S4                              (abs)        000000
__S5                              (abs)        000000
___awdiv                          text8        0019A6
___awdiv@counter                  cstackCOMRAM 000005
___awdiv@dividend                 cstackCOMRAM 000001
___awdiv@divisor                  cstackCOMRAM 000003
___awdiv@quotient                 cstackCOMRAM 000007
___awdiv@sign                     cstackCOMRAM 000006
___awmod                          text7        001A66
___awmod@counter                  cstackCOMRAM 000005
___awmod@dividend                 cstackCOMRAM 000001
___awmod@divisor                  cstackCOMRAM 000003
___awmod@sign                     cstackCOMRAM 000006
___fldiv                          text35       000D08
___fldiv@a                        cstackCOMRAM 00002C
___fldiv@aexp                     cstackCOMRAM 000040
___fldiv@b                        cstackCOMRAM 000028
___fldiv@bexp                     cstackCOMRAM 00003F
___fldiv@grs                      cstackCOMRAM 00003B
___fldiv@new_exp                  cstackCOMRAM 000039
___fldiv@rem                      cstackCOMRAM 000034
___fldiv@sign                     cstackCOMRAM 000038
___flge                           text19       0017DA
___flge@ff1                       cstackCOMRAM 000001
___flge@ff2                       cstackCOMRAM 000005
___flmul                          text34       0008E2
___flmul@a                        cstackCOMRAM 000013
___flmul@aexp                     cstackCOMRAM 000020
___flmul@b                        cstackCOMRAM 00000F
___flmul@bexp                     cstackCOMRAM 000021
___flmul@grs                      cstackCOMRAM 00001C
___flmul@prod                     cstackCOMRAM 000022
___flmul@sign                     cstackCOMRAM 00001B
___flmul@temp                     cstackCOMRAM 000026
___fltol                          text22       0016D4
___fltol@exp1                     cstackCOMRAM 00000A
___fltol@f1                       cstackCOMRAM 000001
___fltol@sign1                    cstackCOMRAM 000009
___heap_hi                        (abs)        000000
___heap_lo                        (abs)        000000
___inthi_sp                       stack        000000
___inthi_stack_hi                 stack        000000
___inthi_stack_lo                 stack        000000
___intlo_sp                       stack        000000
___intlo_stack_hi                 stack        000000
___intlo_stack_lo                 stack        000000
___param_bank                     (abs)        000000
___rparam_used                    (abs)        000001
___sp                             stack        000000
___stack_hi                       stack        000000
___stack_lo                       stack        000000
___xxtofl                         text33       001270
___xxtofl@arg                     cstackCOMRAM 00000B
___xxtofl@exp                     cstackCOMRAM 00000A
___xxtofl@sign                    cstackCOMRAM 000009
___xxtofl@val                     cstackCOMRAM 000001
__accesstop                       (abs)        000060
__activetblptr                    (abs)        000001
__end_of_BME280_Init              text38       0022B2
__end_of_BME280_Read              text36       00215E
__end_of_BME280_ReadHumidity      text32       001D74
__end_of_BME280_Write             text39       00229C
__end_of_I2C_Init                 text31       002306
__end_of_I2C_Read                 text37       001CEC
__end_of_I2C_Start                text42       00218A
__end_of_I2C_Stop                 text41       002224
__end_of_I2C_Write                text40       001EF0
__end_of_OLED_Clear               text28       002058
__end_of_OLED_ClearLine           text26       0021DC
__end_of_OLED_Command             text30       00227E
__end_of_OLED_Data                text29       002260
__end_of_OLED_Init                text25       0019A6
__end_of_OLED_SetCursor           text27       002242
__end_of_OLED_WriteChar           text24       0016D4
__end_of_OLED_WriteString         text23       0021B4
__end_of___awdiv                  text8        001A66
__end_of___awmod                  text7        001B14
__end_of___fldiv                  text35       001096
__end_of___flge                   text19       0018DE
__end_of___flmul                  text34       000D08
__end_of___fltol                  text22       0017DA
__end_of___xxtofl                 text33       001424
__end_of__initialization          cinit        0021F4
__end_of_abs                      text6        002102
__end_of_control_aire             text20       001FC4
__end_of_control_humedad          text18       001E78
__end_of_control_luz              text17       001F62
__end_of_control_temperatura      text16       001C5C
__end_of_font5x7                  smallconst   0008C9
__end_of_fputc                    text4        001BBE
__end_of_init_ADC                 text15       002310
__end_of_init_PWM                 text14       0022FA
__end_of_leer_adc                 text13       002096
__end_of_leer_aire                text12       0022DA
__end_of_leer_luz                 text11       0022C6
__end_of_leer_temperatura         text10       001DF8
__end_of_main                     text0        0015CC
__end_of_putch                    text5        002312
__end_of_set_PWM_duty             text21       002010
__end_of_setup                    text9        0022EC
__end_of_sprintf                  text1        002132
__end_of_vfpfcnvrt                text3        001270
__end_of_vfprintf                 text2        0020CE
__initialization                  cinit        0021DC
__mediumconst                     smallconst   000800
__pbssBANK0                       bssBANK0     000060
__pbssCOMRAM                      bssCOMRAM    00004D
__pcinit                          cinit        0021DC
__pcstackBANK0                    cstackBANK0  000080
__pcstackCOMRAM                   cstackCOMRAM 000001
__psmallconst                     smallconst   000800
__ptext0                          text0        001424
__ptext1                          text1        002102
__ptext10                         text10       001D74
__ptext11                         text11       0022B2
__ptext12                         text12       0022C6
__ptext13                         text13       002058
__ptext14                         text14       0022EC
__ptext15                         text15       002306
__ptext16                         text16       001BBE
__ptext17                         text17       001EF0
__ptext18                         text18       001DF8
__ptext19                         text19       0017DA
__ptext2                          text2        002096
__ptext20                         text20       001F62
__ptext21                         text21       001FC4
__ptext22                         text22       0016D4
__ptext23                         text23       00218A
__ptext24                         text24       0015CC
__ptext25                         text25       0018DE
__ptext26                         text26       0021B4
__ptext27                         text27       002224
__ptext28                         text28       002010
__ptext29                         text29       002242
__ptext3                          text3        001096
__ptext30                         text30       002260
__ptext31                         text31       0022FA
__ptext32                         text32       001CEC
__ptext33                         text33       001270
__ptext34                         text34       0008E2
__ptext35                         text35       000D08
__ptext36                         text36       002132
__ptext37                         text37       001C5C
__ptext38                         text38       00229C
__ptext39                         text39       00227E
__ptext4                          text4        001B14
__ptext40                         text40       001E78
__ptext41                         text41       002202
__ptext42                         text42       00215E
__ptext5                          text5        002310
__ptext6                          text6        0020CE
__ptext7                          text7        001A66
__ptext8                          text8        0019A6
__ptext9                          text9        0022DA
__ramtop                          ramtop       000800
__smallconst                      smallconst   000800
_abs                              text6        0020CE
_contador_aire                    bssCOMRAM    000055
_control_aire                     text20       001F62
_control_humedad                  text18       001DF8
_control_luz                      text17       001EF0
_control_temperatura              text16       001BBE
_dbuf                             bssBANK0     000060
_flags                            bssCOMRAM    000057
_font5x7                          smallconst   000801
_fputc                            text4        001B14
_init_ADC                         text15       002306
_init_PWM                         text14       0022EC
_leer_adc                         text13       002058
_leer_aire                        text12       0022C6
_leer_luz                         text11       0022B2
_leer_temperatura                 text10       001D74
_main                             text0        001424
_prec                             bssCOMRAM    00004F
_putch                            text5        002310
_set_PWM_duty                     text21       001FC4
_setup                            text9        0022DA
_sprintf                          text1        002102
_vfpfcnvrt                        text3        001096
_vfprintf                         text2        002096
_width                            bssCOMRAM    00004D
abs@a                             cstackCOMRAM 000007
control_aire@aire                 cstackCOMRAM 000005
control_humedad@H                 cstackCOMRAM 00000D
control_luz@led_on                bssCOMRAM    000051
control_luz@luz                   cstackCOMRAM 000001
control_temperatura@T             cstackCOMRAM 00000D
control_temperatura@calentador_on bssCOMRAM    000053
end_of_initialization             cinit        0021F4
fputc@c                           cstackCOMRAM 000001
fputc@fp                          cstackCOMRAM 000003
intlevel0                         text         000000
intlevel1                         text         000000
intlevel2                         text         000000
intlevel3                         text         000000
isa$std                           (abs)        000001
isa$xinst                         (abs)        000000
leer_adc@canal                    cstackCOMRAM 000001
leer_temperatura@adc              cstackCOMRAM 000045
main@aire                         cstackBANK0  000096
main@buffer                       cstackBANK0  000080
main@humedad                      cstackBANK0  000090
main@luz                          cstackBANK0  000094
main@temp                         cstackBANK0  00008C
set_PWM_duty@duty                 cstackCOMRAM 000001
sprintf@ap                        cstackCOMRAM 00001E
sprintf@f                         cstackCOMRAM 00001F
sprintf@fmt                       cstackCOMRAM 00001B
sprintf@s                         cstackCOMRAM 00001A
stackhi                           (abs)        000000
stacklo                           (abs)        000000
start                             init         007FFC
start_initialization              cinit        0021DC
vfpfcnvrt@ap                      cstackCOMRAM 00000D
vfpfcnvrt@c                       cstackCOMRAM 000015
vfpfcnvrt@convarg                 cstackCOMRAM 000011
vfpfcnvrt@cp                      cstackCOMRAM 000010
vfpfcnvrt@done                    cstackCOMRAM 00000F
vfpfcnvrt@fmt                     cstackCOMRAM 00000C
vfpfcnvrt@fp                      cstackCOMRAM 00000B
vfprintf@ap                       cstackCOMRAM 000018
vfprintf@cfmt                     cstackCOMRAM 000019
vfprintf@fmt                      cstackCOMRAM 000017
vfprintf@fp                       cstackCOMRAM 000016


MODULE INFORMATION

Module		Function		Class		Link	Load	Size
C:\Program Files\Microchip\xc8\v3.10\pic\sources\c99\common\flge.c
		___flge        		CODE           	17DA	0000	260

C:\Program Files\Microchip\xc8\v3.10\pic\sources\c99\common\flge.c estimated size: 260

C:\Program Files\Microchip\xc8\v3.10\pic\sources\c99\common\awmod.c
		___awmod       		CODE           	1A66	0000	174

C:\Program Files\Microchip\xc8\v3.10\pic\sources\c99\common\awmod.c estimated size: 174

C:\Program Files\Microchip\xc8\v3.10\pic\sources\c99\common\putch.c
		_putch         		CODE           	2310	0000	2

C:\Program Files\Microchip\xc8\v3.10\pic\sources\c99\common\putch.c estimated size: 2

C:\Program Files\Microchip\xc8\v3.10\pic\sources\c99\common\abs.c
		_abs           		CODE           	20CE	0000	52

C:\Program Files\Microchip\xc8\v3.10\pic\sources\c99\common\abs.c estimated size: 52

i2c.c
		_I2C_Write     		CODE           	1E78	0000	120
		_I2C_Stop      		CODE           	2202	0000	34
		_I2C_Read      		CODE           	1C5C	0000	144
		_I2C_Init      		CODE           	22FA	0000	12
		_I2C_Start     		CODE           	215E	0000	44

i2c.c estimated size: 354

bme280.c
		_BME280_ReadHumidity		CODE           	1CEC	0000	136
		_BME280_Read   		CODE           	2132	0000	44
		_BME280_Init   		CODE           	229C	0000	22
		_BME280_Write  		CODE           	227E	0000	30

bme280.c estimated size: 232

pwm.c
		_set_PWM_duty  		CODE           	1FC4	0000	76
		_init_PWM      		CODE           	22EC	0000	14

pwm.c estimated size: 90

C:\Program Files\Microchip\xc8\v3.10\pic\sources\c99\common\awdiv.c
		___awdiv       		CODE           	19A6	0000	192

C:\Program Files\Microchip\xc8\v3.10\pic\sources\c99\common\awdiv.c estimated size: 192

adc.c
		_leer_adc      		CODE           	2058	0000	62
		_init_ADC      		CODE           	2306	0000	10

adc.c estimated size: 72

C:\Program Files\Microchip\xc8\v3.10\pic\sources\c99\common\fltol.c
		___fltol       		CODE           	16D4	0000	262

C:\Program Files\Microchip\xc8\v3.10\pic\sources\c99\common\fltol.c estimated size: 262

C:\Program Files\Microchip\xc8\v3.10\pic\sources\c99\common\sprcmul.c
		___flmul       		CODE           	08E2	0000	1062

C:\Program Files\Microchip\xc8\v3.10\pic\sources\c99\common\sprcmul.c estimated size: 1062

C:\Program Files\Microchip\xc8\v3.10\pic\sources\c99\common\nf_sprintf.c
		_sprintf       		CODE           	2102	0000	48

C:\Program Files\Microchip\xc8\v3.10\pic\sources\c99\common\nf_sprintf.c estimated size: 48

C:\Program Files\Microchip\xc8\v3.10\pic\sources\c99\common\xxtofl.c
		___xxtofl      		CODE           	1270	0000	436

C:\Program Files\Microchip\xc8\v3.10\pic\sources\c99\common\xxtofl.c estimated size: 436

C:\Program Files\Microchip\xc8\v3.10\pic\sources\c99\common\sprcdiv.c
		___fldiv       		CODE           	0D08	0000	910

C:\Program Files\Microchip\xc8\v3.10\pic\sources\c99\common\sprcdiv.c estimated size: 910

control.c
		_control_luz   		CODE           	1EF0	0000	114
		_control_temperatura		CODE           	1BBE	0000	158
		_control_aire  		CODE           	1F62	0000	98
		_control_humedad		CODE           	1DF8	0000	128

control.c estimated size: 498

shared
		_font5x7       		SMALLCONST     	0801	0000	200
		__initialization		CODE           	21DC	0000	24

shared estimated size: 224

C:\Program Files\Microchip\xc8\v3.10\pic\sources\c99\common\nf_fputc.c
		_fputc         		CODE           	1B14	0000	170

C:\Program Files\Microchip\xc8\v3.10\pic\sources\c99\common\nf_fputc.c estimated size: 170

oled.c
		_OLED_SetCursor		CODE           	2224	0000	30
		_OLED_Clear    		CODE           	2010	0000	72
		_OLED_Command  		CODE           	2260	0000	30
		_OLED_WriteString		CODE           	218A	0000	42
		_OLED_ClearLine		CODE           	21B4	0000	40
		_OLED_WriteChar		CODE           	15CC	0000	264
		_OLED_Init     		CODE           	18DE	0000	200
		_OLED_Data     		CODE           	2242	0000	30

oled.c estimated size: 708

sensores.c
		_leer_temperatura		CODE           	1D74	0000	132
		_leer_aire     		CODE           	22C6	0000	20
		_leer_luz      		CODE           	22B2	0000	20

sensores.c estimated size: 172

C:\Program Files\Microchip\xc8\v3.10\pic\sources\c99\common\doprnt.c
		_vfpfcnvrt     		CODE           	1096	0000	474
		_vfprintf      		CODE           	2096	0000	56

C:\Program Files\Microchip\xc8\v3.10\pic\sources\c99\common\doprnt.c estimated size: 530

main.c
		_main          		CODE           	1424	0000	424
		_setup         		CODE           	22DA	0000	18

main.c estimated size: 442

