Microchip MPLAB XC8 Compiler V3.10

Linker command line:

-W-3 \
  --edf=C:\Program Files\Microchip\xc8\v3.10\pic\dat\20250813170317_en.msgs \
  -cn -h+dist/default/production\mani.X.production.sym \
  --cmf=dist/default/production\mani.X.production.cmf -z -Q18F4550 \
  -oC:\Users\david\AppData\Local\Temp\xcAsmy4.0\driver_tmp_3.o \
  --defsym=__MPLAB_BUILD=1 --fixupoverflow=error \
  -Mdist/default/production/mani.X.production.map \
  --md=C:\Users\david\AppData\Local\Temp\xcAsmy4.0\driver_tmp_0.dat -E1 \
  -ver=XC8 Compiler -ACODE=00h-07FFFh -ACONST=00h-07FFFh \
  -ASMALLCONST=0800h-08FFhx120 -AMEDIUMCONST=0800h-07FFFh -ACOMRAM=01h-05Fh \
  -AABS1=00h-07FFh -ABIGRAM=01h-07FFh -ARAM=060h-0FFh,0100h-01FFhx7 \
  -ABANK0=060h-0FFh -ABANK1=0100h-01FFh -ABANK2=0200h-02FFh \
  -ABANK3=0300h-03FFh -ABANK4=0400h-04FFh -ABANK5=0500h-05FFh \
  -ABANK6=0600h-06FFh -ABANK7=0700h-07FFh -ASFR=0F60h-0FFFh \
  -ABIGSFR=0F60h-0FFFh -ACONFIG=0300000h-030000Dh -AIDLOC=0200000h-0200007h \
  -AEEDATA=0F00000h-0F000FFh -peeprom_data=EEDATA \
  -preset_vec=00h,intcode=8h,intcodelo=18h,sivt_lo,sivt_hi=CODE \
  -ppowerup=CODE,init -pramtop=0800h -psmallconst=SMALLCONST \
  -pmediumconst=MEDIUMCONST -pconst=CONST -AFARRAM=00h-00h \
  -prdata=COMRAM,nvrram=COMRAM,nvbit=COMRAM,rbss=COMRAM,rbit=COMRAM \
  -pfarbss=FARRAM,fardata=FARRAM,nvFARRAM=FARRAM \
  -pintsave_regs=BIGRAM,bigbss=BIGRAM,bigdata=BIGRAM -pbss=RAM \
  -pidata=CODE,irdata=CODE,ibigdata=CODE,ifardata=CODE -prparam=COMRAM \
  C:\Users\david\AppData\Local\Temp\xcAsmy4.0\driver_tmp_9.o \
  dist/default/production\mani.X.production.o 

Object code version is 3.11

Machine type is 18F4550



                Name                               Link     Load   Length Selector   Space Scale
C:\Users\david\AppData\Local\Temp\xcAsmy4.0\driver_tmp_9.o
                config                           300000   300000        8        0       4
                init                               7FFC     7FFC        4     3FFE       0
                reset_vec                             0        0        4        0       0
dist/default/production\mani.X.production.o
                config                           300000   300000        8        0       4
                mediumconst                        7DFA     7DFA      202     3EFD       0
                text11                             7B68     7B68       16     3DB4       0
                text10                             7B44     7B44       12     3DA2       0
                text9                              7B56     7B56       12     3DAB       0
                text8                              7B7E     7B7E       1C     3DBF       0
                text7                              7B9A     7B9A       1E     3DCD       0
                text6                              7BB8     7BB8       1E     3DDC       0
                text5                              7BD6     7BD6       1E     3DEB       0
                text4                              7BF4     7BF4       3A     3DFA       0
                text3                              7D46     7D46       B4     3EA3       0
                text2                              7CD0     7CD0       76     3E68       0
                text1                              7C2E     7C2E       42     3E17       0
                text0                              7C70     7C70       60     3E38       0
                cstackCOMRAM                          1        1        C        1       1
                cinit                              7B3A     7B3A        A     3D9D       0

TOTAL           Name                               Link     Load   Length     Space
        CLASS   CODE           
                init                               7FFC     7FFC        4         0
                reset_vec                             0        0        4         0
                text11                             7B68     7B68       16         0
                text10                             7B44     7B44       12         0
                text9                              7B56     7B56       12         0
                text8                              7B7E     7B7E       1C         0
                text7                              7B9A     7B9A       1E         0
                text6                              7BB8     7BB8       1E         0
                text5                              7BD6     7BD6       1E         0
                text4                              7BF4     7BF4       3A         0
                text3                              7D46     7D46       B4         0
                text2                              7CD0     7CD0       76         0
                text1                              7C2E     7C2E       42         0
                text0                              7C70     7C70       60         0
                cinit                              7B3A     7B3A        A         0

        CLASS   CONST          

        CLASS   SMALLCONST     

        CLASS   MEDIUMCONST    
                mediumconst                        7DFA     7DFA      202         0

        CLASS   COMRAM         
                cstackCOMRAM                          1        1        C         1

        CLASS   ABS1           

        CLASS   BIGRAM         

        CLASS   RAM            

        CLASS   BANK0          

        CLASS   BANK1          

        CLASS   BANK2          

        CLASS   BANK3          

        CLASS   BANK4          

        CLASS   BANK5          

        CLASS   BANK6          

        CLASS   BANK7          

        CLASS   SFR            

        CLASS   BIGSFR         

        CLASS   CONFIG         
                config                           300000   300000        8         4

        CLASS   IDLOC          

        CLASS   EEDATA         

        CLASS   FARRAM         

        CLASS   HEAP           

        CLASS   STACK          



SEGMENTS        Name                           Load    Length   Top    Selector   Space  Class

                reset_vec                      000000  000004  000004         0       0  CODE    
                cstackCOMRAM                   000001  00000C  00000D         1       1  COMRAM  
                cinit                          007B3A  00000A  007B44      3D9D       0  CODE    
                text10                         007B44  000012  007B56      3DA2       0  CODE    
                text9                          007B56  000012  007B68      3DAB       0  CODE    
                text11                         007B68  000016  007B7E      3DB4       0  CODE    
                text8                          007B7E  00001C  007B9A      3DBF       0  CODE    
                text7                          007B9A  00001E  007BB8      3DCD       0  CODE    
                text6                          007BB8  00001E  007BD6      3DDC       0  CODE    
                text5                          007BD6  00001E  007BF4      3DEB       0  CODE    
                text4                          007BF4  00003A  007C2E      3DFA       0  CODE    
                text1                          007C2E  000042  007C70      3E17       0  CODE    
                text0                          007C70  000060  007CD0      3E38       0  CODE    
                text2                          007CD0  000076  007D46      3E68       0  CODE    
                text3                          007D46  0000B4  007DFA      3EA3       0  CODE    
                mediumconst                    007DFA  000202  007FFC      3EFD       0  MEDIUMCO
                init                           007FFC  000004  008000      3FFE       0  CODE    


UNUSED ADDRESS RANGES

        Name                Unused          Largest block    Delta
        BANK0            000060-0000FF               A0
        BANK1            000100-0001FF              100
        BANK2            000200-0002FF              100
        BANK3            000300-0003FF              100
        BANK4            000400-0004FF              100
        BANK5            000500-0005FF              100
        BANK6            000600-0006FF              100
        BANK7            000700-0007FF              100
        BIGRAM           00000D-0007FF              7F3
        BIGSFR           000F60-000FFF               A0
        CODE             000004-007B39             7B36
        COMRAM           00000D-00005F               53
        CONFIG           300008-30000D                6
        CONST            000004-007B39             7B36
        EEDATA           F00000-F000FF              100
        IDLOC            200000-200007                8
        MEDIUMCONST      000800-007B39             733A
        RAM              000060-0007FF              100
        SFR              000F60-000FFF               A0
        SMALLCONST       000800-007B39              100

                                  Symbol Table

I2C_Write@data           cstackCOMRAM 000001
OLED_Clear@col           cstackCOMRAM 000005
OLED_Clear@page          cstackCOMRAM 000006
OLED_Cmd@cmd             cstackCOMRAM 000002
OLED_Data@data           cstackCOMRAM 000002
OLED_Print@col           cstackCOMRAM 000009
OLED_Print@page          cstackCOMRAM 00000C
OLED_Print@str           cstackCOMRAM 00000A
OLED_SendChar@c          cstackCOMRAM 000007
OLED_SendChar@i          cstackCOMRAM 000008
OLED_SetCursor@col       cstackCOMRAM 000003
OLED_SetCursor@page      cstackCOMRAM 000004
_ADCON1                  (abs)        000FC1
_CMCON                   (abs)        000FB4
_I2C_Init                text11       007B68
_I2C_Start               text10       007B44
_I2C_Stop                text9        007B56
_I2C_Write               text8        007B7E
_OLED_Clear              text4        007BF4
_OLED_Cmd                text6        007BB8
_OLED_Data               text7        007B9A
_OLED_Init               text3        007D46
_OLED_Print              text1        007C2E
_OLED_SendChar           text2        007CD0
_OLED_SetCursor          text5        007BD6
_OSCCON                  (abs)        000FD3
_OSCCONbits              (abs)        000FD3
_PIR1bits                (abs)        000F9E
_SSPADD                  (abs)        000FC8
_SSPBUF                  (abs)        000FC9
_SSPCON1                 (abs)        000FC6
_SSPCON2                 (abs)        000FC5
_SSPCON2bits             (abs)        000FC5
_SSPSTAT                 (abs)        000FC7
_TRISB0                  (abs)        007C98
_TRISB1                  (abs)        007C99
__HRAM                   (abs)        000000
__H__absolute__          __absolute__ 000000
__Habs1                  abs1         000000
__Hbank0                 bank0        000000
__Hbank1                 bank1        000000
__Hbank2                 bank2        000000
__Hbank3                 bank3        000000
__Hbank4                 bank4        000000
__Hbank5                 bank5        000000
__Hbank6                 bank6        000000
__Hbank7                 bank7        000000
__Hbigbss                bigbss       000000
__Hbigdata               bigdata      000000
__Hbigram                bigram       000000
__Hbigsfr                bigsfr       000000
__Hbss                   bss          000000
__Hcinit                 cinit        000000
__Hclrtext               clrtext      000000
__Hcomram                comram       000000
__Hconfig                config       300008
__Hconst                 const        000000
__HcstackCOMRAM          cstackCOMRAM 000000
__Hdata                  data         000000
__Heeprom_data           eeprom_data  000000
__Hfarbss                farbss       000000
__Hfardata               fardata      000000
__Hheap                  heap         000000
__Hibigdata              ibigdata     000000
__Hidata                 idata        000000
__Hidloc                 idloc        000000
__Hifardata              ifardata     000000
__Hinit                  init         008000
__Hintcode               intcode      000008
__Hintcode_body          intcode_body 000000
__Hintcodelo             intcodelo    000018
__Hintentry              intentry     000000
__Hintret                intret       000000
__Hintsave_regs          intsave_regs 000000
__Hirdata                irdata       000000
__Hmediumconst           mediumconst  007FFC
__HnvFARRAM              nvFARRAM     000000
__Hnvbit                 nvbit        000000
__Hnvrram                nvrram       000000
__Hparam                 rparam       000000
__Hpowerup               powerup      000000
__Hram                   ram          000000
__Hramtop                ramtop       000800
__Hrbit                  rbit         000000
__Hrbss                  rbss         000000
__Hrdata                 rdata        000000
__Hreset_vec             reset_vec    000004
__Hrparam                rparam       000000
__Hsfr                   sfr          000000
__Hsivt_hi               sivt_hi      000000
__Hsivt_lo               sivt_lo      000018
__Hsmallconst            smallconst   000000
__Hspace_0               (abs)        008000
__Hspace_1               (abs)        00000D
__Hspace_2               (abs)        000000
__Hspace_4               (abs)        600008
__Hstack                 stack        000000
__Hstruct                struct       000000
__Htemp                  temp         000000
__Htext                  text         000000
__Htext0                 text0        000000
__Htext1                 text1        000000
__Htext10                text10       000000
__Htext11                text11       000000
__Htext2                 text2        000000
__Htext3                 text3        000000
__Htext4                 text4        000000
__Htext5                 text5        000000
__Htext6                 text6        000000
__Htext7                 text7        000000
__Htext8                 text8        000000
__Htext9                 text9        000000
__LRAM                   (abs)        000001
__L__absolute__          __absolute__ 000000
__Labs1                  abs1         000000
__Lbank0                 bank0        000000
__Lbank1                 bank1        000000
__Lbank2                 bank2        000000
__Lbank3                 bank3        000000
__Lbank4                 bank4        000000
__Lbank5                 bank5        000000
__Lbank6                 bank6        000000
__Lbank7                 bank7        000000
__Lbigbss                bigbss       000000
__Lbigdata               bigdata      000000
__Lbigram                bigram       000000
__Lbigsfr                bigsfr       000000
__Lbss                   bss          000000
__Lcinit                 cinit        000000
__Lclrtext               clrtext      000000
__Lcomram                comram       000000
__Lconfig                config       000000
__Lconst                 const        000000
__LcstackCOMRAM          cstackCOMRAM 000000
__Ldata                  data         000000
__Leeprom_data           eeprom_data  000000
__Lfarbss                farbss       000000
__Lfardata               fardata      000000
__Lheap                  heap         000000
__Libigdata              ibigdata     000000
__Lidata                 idata        000000
__Lidloc                 idloc        000000
__Lifardata              ifardata     000000
__Linit                  init         007FFC
__Lintcode               intcode      000008
__Lintcode_body          intcode_body 000000
__Lintcodelo             intcodelo    000018
__Lintentry              intentry     000000
__Lintret                intret       000000
__Lintsave_regs          intsave_regs 000000
__Lirdata                irdata       000000
__Lmediumconst           mediumconst  007DFA
__LnvFARRAM              nvFARRAM     000000
__Lnvbit                 nvbit        000000
__Lnvrram                nvrram       000000
__Lparam                 rparam       000000
__Lpowerup               powerup      000000
__Lram                   ram          000000
__Lramtop                ramtop       000800
__Lrbit                  rbit         000000
__Lrbss                  rbss         000000
__Lrdata                 rdata        000000
__Lreset_vec             reset_vec    000000
__Lrparam                rparam       000000
__Lsfr                   sfr          000000
__Lsivt_hi               sivt_hi      000000
__Lsivt_lo               sivt_lo      000018
__Lsmallconst            smallconst   000000
__Lspace_0               (abs)        000000
__Lspace_1               (abs)        000000
__Lspace_2               (abs)        000000
__Lspace_4               (abs)        000000
__Lstack                 stack        000000
__Lstruct                struct       000000
__Ltemp                  temp         000000
__Ltext                  text         000000
__Ltext0                 text0        000000
__Ltext1                 text1        000000
__Ltext10                text10       000000
__Ltext11                text11       000000
__Ltext2                 text2        000000
__Ltext3                 text3        000000
__Ltext4                 text4        000000
__Ltext5                 text5        000000
__Ltext6                 text6        000000
__Ltext7                 text7        000000
__Ltext8                 text8        000000
__Ltext9                 text9        000000
__S0                     (abs)        008000
__S1                     (abs)        00000D
__S4                     (abs)        000000
__S5                     (abs)        000000
___heap_hi               (abs)        000000
___heap_lo               (abs)        000000
___inthi_sp              stack        000000
___inthi_stack_hi        stack        000000
___inthi_stack_lo        stack        000000
___intlo_sp              stack        000000
___intlo_stack_hi        stack        000000
___intlo_stack_lo        stack        000000
___param_bank            (abs)        000000
___rparam_used           (abs)        000001
___sp                    stack        000000
___stack_hi              stack        000000
___stack_lo              stack        000000
__accesstop              (abs)        000060
__activetblptr           (abs)        000002
__end_of_I2C_Init        text11       007B7E
__end_of_I2C_Start       text10       007B56
__end_of_I2C_Stop        text9        007B68
__end_of_I2C_Write       text8        007B9A
__end_of_OLED_Clear      text4        007C2E
__end_of_OLED_Cmd        text6        007BD6
__end_of_OLED_Data       text7        007BB8
__end_of_OLED_Init       text3        007DFA
__end_of_OLED_Print      text1        007C70
__end_of_OLED_SendChar   text2        007D46
__end_of_OLED_SetCursor  text5        007BF4
__end_of__initialization cinit        007B3A
__end_of_font5x8         mediumconst  007FD6
__end_of_main            text0        007CD0
__initialization         cinit        007B3A
__mediumconst            mediumconst  007DFA
__pcinit                 cinit        007B3A
__pcstackCOMRAM          cstackCOMRAM 000001
__pmediumconst           mediumconst  007DFA
__ptext0                 text0        007C70
__ptext1                 text1        007C2E
__ptext10                text10       007B44
__ptext11                text11       007B68
__ptext2                 text2        007CD0
__ptext3                 text3        007D46
__ptext4                 text4        007BF4
__ptext5                 text5        007BD6
__ptext6                 text6        007BB8
__ptext7                 text7        007B9A
__ptext8                 text8        007B7E
__ptext9                 text9        007B56
__ramtop                 ramtop       000800
__smallconst             mediumconst  007DFA
_font5x8                 mediumconst  007DFB
_main                    text0        007C70
end_of_initialization    cinit        007B3A
intlevel0                text         000000
intlevel1                text         000000
intlevel2                text         000000
intlevel3                text         000000
isa$std                  (abs)        000001
isa$xinst                (abs)        000000
stackhi                  (abs)        000000
stacklo                  (abs)        000000
start                    init         007FFC
start_initialization     cinit        007B3A


MODULE INFORMATION

Module		Function		Class		Link	Load	Size
i2c.c
		_I2C_Write     		CODE           	7B7E	0000	28
		_I2C_Stop      		CODE           	7B56	0000	18
		_I2C_Init      		CODE           	7B68	0000	22
		_I2C_Start     		CODE           	7B44	0000	18

i2c.c estimated size: 86

ssd1306.c
		_OLED_SetCursor		CODE           	7BD6	0000	30
		_OLED_Clear    		CODE           	7BF4	0000	58
		_OLED_Init     		CODE           	7D46	0000	180
		_OLED_Print    		CODE           	7C2E	0000	66
		_OLED_Cmd      		CODE           	7BB8	0000	30
		_OLED_Data     		CODE           	7B9A	0000	30
		_OLED_SendChar 		CODE           	7CD0	0000	118

ssd1306.c estimated size: 512

shared
		_font5x8       		MEDIUMCONST    	7DFB	0000	475
		__initialization		CODE           	7B3A	0000	1

shared estimated size: 476

man.c
		_main          		CODE           	7C70	0000	96

man.c estimated size: 96

