Microchip MPLAB XC8 Compiler V3.10

Linker command line:

-W-3 \
  --edf=C:\Program Files\Microchip\xc8\v3.10\pic\dat\20250813170317_en.msgs \
  -cn -h+dist/default/debug\proyecto_proto.debug.sym \
  --cmf=dist/default/debug\proyecto_proto.debug.cmf -z -Q18F4550 \
  -oC:\Users\ESTUDI~1\AppData\Local\Temp\xcAs3pk.0\driver_tmp_3.o \
  --defsym=__MPLAB_BUILD=1 --fixupoverflow=error \
  -Mdist/default/debug/proyecto_proto.debug.map \
  --md=C:\Users\ESTUDI~1\AppData\Local\Temp\xcAs3pk.0\driver_tmp_0.dat -E1 \
  -ver=XC8 Compiler -ACODE=00h-07FFFh -ACONST=00h-07FFFh \
  -ASMALLCONST=0800h-08FFhx120 -AMEDIUMCONST=0800h-07FFFh -ACOMRAM=01h-05Fh \
  -AABS1=00h-07FFh -ABIGRAM=01h-07FFh -ARAM=060h-0FFh,0100h-01FFhx7 \
  -ABANK0=060h-0FFh -ABANK1=0100h-01FFh -ABANK2=0200h-02FFh \
  -ABANK3=0300h-03FFh -ABANK4=0400h-04FFh -ABANK5=0500h-05FFh \
  -ABANK6=0600h-06FFh -ABANK7=0700h-07FFh -ASFR=0F60h-0FFFh \
  -ABIGSFR=0F60h-0FFFh -ACONFIG=0300000h-030000Dh -AIDLOC=0200000h-0200007h \
  -AEEDATA=0F00000h-0F000FFh -peeprom_data=EEDATA \
  -preset_vec=00h,intcode=8h,intcodelo=18h,sivt_lo,sivt_hi=CODE \
  -ppowerup=CODE,init -pramtop=0800h -psmallconst=SMALLCONST \
  -pmediumconst=MEDIUMCONST -pconst=CONST -AFARRAM=00h-00h \
  -prdata=COMRAM,nvrram=COMRAM,nvbit=COMRAM,rbss=COMRAM,rbit=COMRAM \
  -pfarbss=FARRAM,fardata=FARRAM,nvFARRAM=FARRAM \
  -pintsave_regs=BIGRAM,bigbss=BIGRAM,bigdata=BIGRAM -pbss=RAM \
  -pidata=CODE,irdata=CODE,ibigdata=CODE,ifardata=CODE -prparam=COMRAM \
  C:\Users\ESTUDI~1\AppData\Local\Temp\xcAs3pk.0\driver_tmp_14.o \
  dist/default/debug\proyecto_proto.debug.o 

Object code version is 3.11

Machine type is 18F4550



                Name                               Link     Load   Length Selector   Space Scale
C:\Users\ESTUDI~1\AppData\Local\Temp\xcAs3pk.0\driver_tmp_14.o
                config                           300000   300000        8        0       4
                init                               7FFC     7FFC        4     3FFE       0
                reset_vec                             0        0        4        0       0
dist/default/debug\proyecto_proto.debug.o
                config                           300000   300000        8        0       4
                smallconst                          800      800       EC      400       0
                text42                             246A     246A       2C      476       0
                text41                             2500     2500       22      476       0
                text40                             20F4     20F4       78      476       0
                text39                             2496     2496       26      476       0
                text38                             1F60     1F60       90      476       0
                text37                              D12      D12      38E      476       0
                text36                             149A     149A      1B4      476       0
                text35                             1EC2     1EC2       9E      476       0
                text34                             2540     2540       1E      476       0
                text33                             238C     238C       3E      476       0
                text32                             234C     234C       40      476       0
                text31                             19A2     19A2      104      476       0
                text30                              8EC      8EC      426      476       0
                text29                             164E     164E      12E      476       0
                text28                             25A6     25A6        C      476       0
                text27                             2522     2522       1E      476       0
                text26                             21CA     21CA       58      476       0
                text25                             22C4     22C4       46      476       0
                text24                             1AA6     1AA6       C8      476       0
                text23                             24DE     24DE       22      476       0
                text22                             177C     177C      120      476       0
                text21                             216C     216C       5E      476       0
                text20                             189C     189C      106      476       0
                text19                             2278     2278       4C      476       0
                text18                             2222     2222       56      476       0
                text17                             2074     2074       80      476       0
                text16                             1E24     1E24       9E      476       0
                text15                             1D86     1D86       9E      476       0
                text14                             255E     255E       16      476       0
                text13                             2598     2598        E      476       0
                text12                             230A     230A       42      476       0
                text11                             2574     2574       14      476       0
                text10                             1FF0     1FF0       84      476       0
                text9                              2588     2588       10      476       0
                text8                              1B6E     1B6E       C0      476       0
                text7                              1C2E     1C2E       AE      476       0
                text6                              2406     2406       34      476       0
                text5                              25B2     25B2        2      476       0
                text4                              1CDC     1CDC       AA      476       0
                text3                              12AC     12AC      1EE      476       0
                text2                              23CA     23CA       3C      476       0
                text1                              243A     243A       30      476       0
                text0                              10A0     10A0      20C      476       0
                cstackCOMRAM                          1        1       50        1       1
                cstackBANK0                          80       80       1C       60       1
                bssBANK0                             60       60       20       60       1
                bssCOMRAM                            51       51        B        1       1
                cinit                              24BC     24BC       22      476       0

TOTAL           Name                               Link     Load   Length     Space
        CLASS   CODE           
                init                               7FFC     7FFC        4         0
                reset_vec                             0        0        4         0
                text42                             246A     246A       2C         0
                text41                             2500     2500       22         0
                text40                             20F4     20F4       78         0
                text39                             2496     2496       26         0
                text38                             1F60     1F60       90         0
                text37                              D12      D12      38E         0
                text36                             149A     149A      1B4         0
                text35                             1EC2     1EC2       9E         0
                text34                             2540     2540       1E         0
                text33                             238C     238C       3E         0
                text32                             234C     234C       40         0
                text31                             19A2     19A2      104         0
                text30                              8EC      8EC      426         0
                text29                             164E     164E      12E         0
                text28                             25A6     25A6        C         0
                text27                             2522     2522       1E         0
                text26                             21CA     21CA       58         0
                text25                             22C4     22C4       46         0
                text24                             1AA6     1AA6       C8         0
                text23                             24DE     24DE       22         0
                text22                             177C     177C      120         0
                text21                             216C     216C       5E         0
                text20                             189C     189C      106         0
                text19                             2278     2278       4C         0
                text18                             2222     2222       56         0
                text17                             2074     2074       80         0
                text16                             1E24     1E24       9E         0
                text15                             1D86     1D86       9E         0
                text14                             255E     255E       16         0
                text13                             2598     2598        E         0
                text12                             230A     230A       42         0
                text11                             2574     2574       14         0
                text10                             1FF0     1FF0       84         0
                text9                              2588     2588       10         0
                text8                              1B6E     1B6E       C0         0
                text7                              1C2E     1C2E       AE         0
                text6                              2406     2406       34         0
                text5                              25B2     25B2        2         0
                text4                              1CDC     1CDC       AA         0
                text3                              12AC     12AC      1EE         0
                text2                              23CA     23CA       3C         0
                text1                              243A     243A       30         0
                text0                              10A0     10A0      20C         0
                cinit                              24BC     24BC       22         0

        CLASS   CONST          

        CLASS   SMALLCONST     
                smallconst                          800      800       EC         0

        CLASS   MEDIUMCONST    

        CLASS   COMRAM         
                cstackCOMRAM                          1        1       50         1
                bssCOMRAM                            51       51        B         1

        CLASS   ABS1           

        CLASS   BIGRAM         

        CLASS   RAM            

        CLASS   BANK0          
                cstackBANK0                          80       80       1C         1
                bssBANK0                             60       60       20         1

        CLASS   BANK1          

        CLASS   BANK2          

        CLASS   BANK3          

        CLASS   BANK4          

        CLASS   BANK5          

        CLASS   BANK6          

        CLASS   BANK7          

        CLASS   SFR            

        CLASS   BIGSFR         

        CLASS   CONFIG         
                config                           300000   300000        8         4

        CLASS   IDLOC          

        CLASS   EEDATA         

        CLASS   FARRAM         

        CLASS   HEAP           

        CLASS   STACK          



SEGMENTS        Name                           Load    Length   Top    Selector   Space  Class

                reset_vec                      000000  000004  000004         0       0  CODE    
                cstackCOMRAM                   000001  00005B  00005C         1       1  COMRAM  
                bssBANK0                       000060  00003C  00009C        60       1  BANK0   
                smallconst                     000800  0000EC  0008EC       400       0  SMALLCON
                text30                         0008EC  001CC8  0025B4       476       0  CODE    
                init                           007FFC  000004  008000      3FFE       0  CODE    


UNUSED ADDRESS RANGES

        Name                Unused          Largest block    Delta
        BANK0            00009C-0000FF               64
        BANK1            000100-0001FF              100
        BANK2            000200-0002FF              100
        BANK3            000300-0003FF              100
        BANK4            000400-0004FF              100
        BANK5            000500-0005FF              100
        BANK6            000600-0006FF              100
        BANK7            000700-0007FF              100
        BIGRAM           00005C-00005F                4
                         00009C-0007FF              764
        BIGSFR           000F60-000FFF               A0
        CODE             000004-0007FF              7FC
                         0025B4-007FFB             5A48
        COMRAM           00005C-00005F                4
        CONFIG           300008-30000D                6
        CONST            000004-0007FF              7FC
                         0025B4-007FFB             5A48
        EEDATA           F00000-F000FF              100
        IDLOC            200000-200007                8
        MEDIUMCONST      0025B4-007FFB             5A48
        RAM              00009C-0007FF              100
        SFR              000F60-000FFF               A0
        SMALLCONST       0025B4-007FFB              100

                                  Symbol Table

?_BH1750_ReadLux                  cstackCOMRAM 000041
?_BME280_ReadHumidity             cstackCOMRAM 000041
?___awdiv                         cstackCOMRAM 000001
?___awmod                         cstackCOMRAM 000001
?___fldiv                         cstackCOMRAM 000028
?___flmul                         cstackCOMRAM 00000F
?___fltol                         cstackCOMRAM 000001
?___xxtofl                        cstackCOMRAM 000001
?_abs                             cstackCOMRAM 000007
?_leer_adc                        cstackCOMRAM 000001
?_leer_aire                       cstackCOMRAM 000005
?_leer_temperatura                cstackCOMRAM 000041
?_sprintf                         cstackCOMRAM 00001A
?_vfprintf                        cstackCOMRAM 000016
BH1750_ReadLux@lsb                cstackCOMRAM 00004A
BH1750_ReadLux@msb                cstackCOMRAM 000049
BH1750_ReadLux@raw                cstackCOMRAM 000047
BME280_Read@data                  cstackCOMRAM 000006
BME280_Read@reg                   cstackCOMRAM 000005
BME280_ReadHumidity@hum           cstackCOMRAM 00004B
BME280_ReadHumidity@lsb           cstackCOMRAM 00004A
BME280_ReadHumidity@msb           cstackCOMRAM 000049
BME280_ReadHumidity@raw           cstackCOMRAM 000047
BME280_Write@data                 cstackCOMRAM 000004
BME280_Write@reg                  cstackCOMRAM 000005
I2C_Read@ack                      cstackCOMRAM 000002
I2C_Read@data                     cstackCOMRAM 000003
I2C_Read@i                        cstackCOMRAM 000004
I2C_Write@data                    cstackCOMRAM 000002
I2C_Write@i                       cstackCOMRAM 000003
OLED_Clear@i                      cstackCOMRAM 000005
OLED_Clear@page                   cstackCOMRAM 000006
OLED_ClearLine@i                  cstackCOMRAM 000006
OLED_ClearLine@linea              cstackCOMRAM 000005
OLED_Command@cmd                  cstackCOMRAM 000004
OLED_SetCursor@col                cstackCOMRAM 000006
OLED_SetCursor@page               cstackCOMRAM 000005
OLED_WriteChar@c                  cstackCOMRAM 000008
OLED_WriteChar@i                  cstackCOMRAM 000007
OLED_WriteChar@index              cstackCOMRAM 000005
OLED_WriteString@str              cstackCOMRAM 000009
_ADCON0                           (abs)        000FC2
_ADCON0bits                       (abs)        000FC2
_ADCON1                           (abs)        000FC1
_ADCON2                           (abs)        000FC0
_ADRESH                           (abs)        000FC4
_ADRESL                           (abs)        000FC3
_BH1750_Init                      text39       002496
_BH1750_ReadLux                   text35       001EC2
_BME280_Init                      text33       00238C
_BME280_Read                      text32       00234C
_BME280_ReadHumidity              text29       00164E
_BME280_Write                     text34       002540
_CCP1CON                          (abs)        000FBD
_CCP1CONbits                      (abs)        000FBD
_CCPR1L                           (abs)        000FBE
_GO_nDONE                         (abs)        007E11
_I2C_Init                         text28       0025A6
_I2C_Read                         text38       001F60
_I2C_Start                        text42       00246A
_I2C_Stop                         text41       002500
_I2C_Write                        text40       0020F4
_INTCON2bits                      (abs)        000FF1
_LATBbits                         (abs)        000F8A
_LATD                             (abs)        000F8C
_LATDbits                         (abs)        000F8C
_OLED_Clear                       text26       0021CA
_OLED_ClearLine                   text25       0022C4
_OLED_Command                     text27       002522
_OLED_Init                        text24       001AA6
_OLED_SetCursor                   text23       0024DE
_OLED_WriteChar                   text22       00177C
_OLED_WriteString                 text21       00216C
_OSCCON                           (abs)        000FD3
_PORTBbits                        (abs)        000F81
_PR2                              (abs)        000FCB
_T2CON                            (abs)        000FCA
_TRISA                            (abs)        000F92
_TRISB                            (abs)        000F93
_TRISBbits                        (abs)        000F93
_TRISC                            (abs)        000F94
_TRISCbits                        (abs)        000F94
_TRISD                            (abs)        000F95
__HRAM                            (abs)        000000
__H__absolute__                   __absolute__ 000000
__Habs1                           abs1         000000
__Hbank0                          bank0        000000
__Hbank1                          bank1        000000
__Hbank2                          bank2        000000
__Hbank3                          bank3        000000
__Hbank4                          bank4        000000
__Hbank5                          bank5        000000
__Hbank6                          bank6        000000
__Hbank7                          bank7        000000
__Hbigbss                         bigbss       000000
__Hbigdata                        bigdata      000000
__Hbigram                         bigram       000000
__Hbigsfr                         bigsfr       000000
__Hbss                            bss          000000
__HbssBANK0                       bssBANK0     000000
__HbssCOMRAM                      bssCOMRAM    000000
__Hcinit                          cinit        000000
__Hclrtext                        clrtext      000000
__Hcomram                         comram       000000
__Hconfig                         config       300008
__Hconst                          const        000000
__HcstackBANK0                    cstackBANK0  000000
__HcstackCOMRAM                   cstackCOMRAM 000000
__Hdata                           data         000000
__Heeprom_data                    eeprom_data  000000
__Hfarbss                         farbss       000000
__Hfardata                        fardata      000000
__Hheap                           heap         000000
__Hibigdata                       ibigdata     000000
__Hidata                          idata        000000
__Hidloc                          idloc        000000
__Hifardata                       ifardata     000000
__Hinit                           init         008000
__Hintcode                        intcode      000008
__Hintcode_body                   intcode_body 000000
__Hintcodelo                      intcodelo    000018
__Hintentry                       intentry     000000
__Hintret                         intret       000000
__Hintsave_regs                   intsave_regs 000000
__Hirdata                         irdata       000000
__Hmediumconst                    mediumconst  000000
__HnvFARRAM                       nvFARRAM     000000
__Hnvbit                          nvbit        000000
__Hnvrram                         nvrram       000000
__Hparam                          rparam       000000
__Hpowerup                        powerup      000000
__Hram                            ram          000000
__Hramtop                         ramtop       000800
__Hrbit                           rbit         000000
__Hrbss                           rbss         000000
__Hrdata                          rdata        000000
__Hreset_vec                      reset_vec    000004
__Hrparam                         rparam       000000
__Hsfr                            sfr          000000
__Hsivt_hi                        sivt_hi      000000
__Hsivt_lo                        sivt_lo      000018
__Hsmallconst                     smallconst   0008EC
__Hspace_0                        (abs)        008000
__Hspace_1                        (abs)        00009C
__Hspace_2                        (abs)        000000
__Hspace_4                        (abs)        600008
__Hstack                          stack        000000
__Hstruct                         struct       000000
__Htemp                           temp         000000
__Htext                           text         000000
__Htext0                          text0        000000
__Htext1                          text1        000000
__Htext10                         text10       000000
__Htext11                         text11       000000
__Htext12                         text12       000000
__Htext13                         text13       000000
__Htext14                         text14       000000
__Htext15                         text15       000000
__Htext16                         text16       000000
__Htext17                         text17       000000
__Htext18                         text18       000000
__Htext19                         text19       000000
__Htext2                          text2        000000
__Htext20                         text20       000000
__Htext21                         text21       000000
__Htext22                         text22       000000
__Htext23                         text23       000000
__Htext24                         text24       000000
__Htext25                         text25       000000
__Htext26                         text26       000000
__Htext27                         text27       000000
__Htext28                         text28       000000
__Htext29                         text29       000000
__Htext3                          text3        000000
__Htext30                         text30       000000
__Htext31                         text31       000000
__Htext32                         text32       000000
__Htext33                         text33       000000
__Htext34                         text34       000000
__Htext35                         text35       000000
__Htext36                         text36       000000
__Htext37                         text37       000000
__Htext38                         text38       000000
__Htext39                         text39       000000
__Htext4                          text4        000000
__Htext40                         text40       000000
__Htext41                         text41       000000
__Htext42                         text42       000000
__Htext5                          text5        000000
__Htext6                          text6        000000
__Htext7                          text7        000000
__Htext8                          text8        000000
__Htext9                          text9        000000
__LRAM                            (abs)        000001
__L__absolute__                   __absolute__ 000000
__Labs1                           abs1         000000
__Lbank0                          bank0        000000
__Lbank1                          bank1        000000
__Lbank2                          bank2        000000
__Lbank3                          bank3        000000
__Lbank4                          bank4        000000
__Lbank5                          bank5        000000
__Lbank6                          bank6        000000
__Lbank7                          bank7        000000
__Lbigbss                         bigbss       000000
__Lbigdata                        bigdata      000000
__Lbigram                         bigram       000000
__Lbigsfr                         bigsfr       000000
__Lbss                            bss          000000
__LbssBANK0                       bssBANK0     000000
__LbssCOMRAM                      bssCOMRAM    000000
__Lcinit                          cinit        000000
__Lclrtext                        clrtext      000000
__Lcomram                         comram       000000
__Lconfig                         config       000000
__Lconst                          const        000000
__LcstackBANK0                    cstackBANK0  000000
__LcstackCOMRAM                   cstackCOMRAM 000000
__Ldata                           data         000000
__Leeprom_data                    eeprom_data  000000
__Lfarbss                         farbss       000000
__Lfardata                        fardata      000000
__Lheap                           heap         000000
__Libigdata                       ibigdata     000000
__Lidata                          idata        000000
__Lidloc                          idloc        000000
__Lifardata                       ifardata     000000
__Linit                           init         007FFC
__Lintcode                        intcode      000008
__Lintcode_body                   intcode_body 000000
__Lintcodelo                      intcodelo    000018
__Lintentry                       intentry     000000
__Lintret                         intret       000000
__Lintsave_regs                   intsave_regs 000000
__Lirdata                         irdata       000000
__Lmediumconst                    mediumconst  000000
__LnvFARRAM                       nvFARRAM     000000
__Lnvbit                          nvbit        000000
__Lnvrram                         nvrram       000000
__Lparam                          rparam       000000
__Lpowerup                        powerup      000000
__Lram                            ram          000000
__Lramtop                         ramtop       000800
__Lrbit                           rbit         000000
__Lrbss                           rbss         000000
__Lrdata                          rdata        000000
__Lreset_vec                      reset_vec    000000
__Lrparam                         rparam       000000
__Lsfr                            sfr          000000
__Lsivt_hi                        sivt_hi      000000
__Lsivt_lo                        sivt_lo      000018
__Lsmallconst                     smallconst   000800
__Lspace_0                        (abs)        000000
__Lspace_1                        (abs)        000000
__Lspace_2                        (abs)        000000
__Lspace_4                        (abs)        000000
__Lstack                          stack        000000
__Lstruct                         struct       000000
__Ltemp                           temp         000000
__Ltext                           text         000000
__Ltext0                          text0        000000
__Ltext1                          text1        000000
__Ltext10                         text10       000000
__Ltext11                         text11       000000
__Ltext12                         text12       000000
__Ltext13                         text13       000000
__Ltext14                         text14       000000
__Ltext15                         text15       000000
__Ltext16                         text16       000000
__Ltext17                         text17       000000
__Ltext18                         text18       000000
__Ltext19                         text19       000000
__Ltext2                          text2        000000
__Ltext20                         text20       000000
__Ltext21                         text21       000000
__Ltext22                         text22       000000
__Ltext23                         text23       000000
__Ltext24                         text24       000000
__Ltext25                         text25       000000
__Ltext26                         text26       000000
__Ltext27                         text27       000000
__Ltext28                         text28       000000
__Ltext29                         text29       000000
__Ltext3                          text3        000000
__Ltext30                         text30       000000
__Ltext31                         text31       000000
__Ltext32                         text32       000000
__Ltext33                         text33       000000
__Ltext34                         text34       000000
__Ltext35                         text35       000000
__Ltext36                         text36       000000
__Ltext37                         text37       000000
__Ltext38                         text38       000000
__Ltext39                         text39       000000
__Ltext4                          text4        000000
__Ltext40                         text40       000000
__Ltext41                         text41       000000
__Ltext42                         text42       000000
__Ltext5                          text5        000000
__Ltext6                          text6        000000
__Ltext7                          text7        000000
__Ltext8                          text8        000000
__Ltext9                          text9        000000
__S0                              (abs)        008000
__S1                              (abs)        00009C
__S4                              (abs)        000000
__S5                              (abs)        000000
___awdiv                          text8        001B6E
___awdiv@counter                  cstackCOMRAM 000005
___awdiv@dividend                 cstackCOMRAM 000001
___awdiv@divisor                  cstackCOMRAM 000003
___awdiv@quotient                 cstackCOMRAM 000007
___awdiv@sign                     cstackCOMRAM 000006
___awmod                          text7        001C2E
___awmod@counter                  cstackCOMRAM 000005
___awmod@dividend                 cstackCOMRAM 000001
___awmod@divisor                  cstackCOMRAM 000003
___awmod@sign                     cstackCOMRAM 000006
___fldiv                          text37       000D12
___fldiv@a                        cstackCOMRAM 00002C
___fldiv@aexp                     cstackCOMRAM 000040
___fldiv@b                        cstackCOMRAM 000028
___fldiv@bexp                     cstackCOMRAM 00003F
___fldiv@grs                      cstackCOMRAM 00003B
___fldiv@new_exp                  cstackCOMRAM 000039
___fldiv@rem                      cstackCOMRAM 000034
___fldiv@sign                     cstackCOMRAM 000038
___flge                           text31       0019A2
___flge@ff1                       cstackCOMRAM 000001
___flge@ff2                       cstackCOMRAM 000005
___flmul                          text30       0008EC
___flmul@a                        cstackCOMRAM 000013
___flmul@aexp                     cstackCOMRAM 000020
___flmul@b                        cstackCOMRAM 00000F
___flmul@bexp                     cstackCOMRAM 000021
___flmul@grs                      cstackCOMRAM 00001C
___flmul@prod                     cstackCOMRAM 000022
___flmul@sign                     cstackCOMRAM 00001B
___flmul@temp                     cstackCOMRAM 000026
___fltol                          text20       00189C
___fltol@exp1                     cstackCOMRAM 00000A
___fltol@f1                       cstackCOMRAM 000001
___fltol@sign1                    cstackCOMRAM 000009
___heap_hi                        (abs)        000000
___heap_lo                        (abs)        000000
___inthi_sp                       stack        000000
___inthi_stack_hi                 stack        000000
___inthi_stack_lo                 stack        000000
___intlo_sp                       stack        000000
___intlo_stack_hi                 stack        000000
___intlo_stack_lo                 stack        000000
___param_bank                     (abs)        000000
___rparam_used                    (abs)        000001
___sp                             stack        000000
___stack_hi                       stack        000000
___stack_lo                       stack        000000
___xxtofl                         text36       00149A
___xxtofl@arg                     cstackCOMRAM 00000B
___xxtofl@exp                     cstackCOMRAM 00000A
___xxtofl@sign                    cstackCOMRAM 000009
___xxtofl@val                     cstackCOMRAM 000001
__accesstop                       (abs)        000060
__activetblptr                    (abs)        000002
__end_of_BH1750_Init              text39       0024BC
__end_of_BH1750_ReadLux           text35       001F60
__end_of_BME280_Init              text33       0023CA
__end_of_BME280_Read              text32       00238C
__end_of_BME280_ReadHumidity      text29       00177C
__end_of_BME280_Write             text34       00255E
__end_of_I2C_Init                 text28       0025B2
__end_of_I2C_Read                 text38       001FF0
__end_of_I2C_Start                text42       002496
__end_of_I2C_Stop                 text41       002522
__end_of_I2C_Write                text40       00216C
__end_of_OLED_Clear               text26       002222
__end_of_OLED_ClearLine           text25       00230A
__end_of_OLED_Command             text27       002540
__end_of_OLED_Init                text24       001B6E
__end_of_OLED_SetCursor           text23       002500
__end_of_OLED_WriteChar           text22       00189C
__end_of_OLED_WriteString         text21       0021CA
__end_of___awdiv                  text8        001C2E
__end_of___awmod                  text7        001CDC
__end_of___fldiv                  text37       0010A0
__end_of___flge                   text31       001AA6
__end_of___flmul                  text30       000D12
__end_of___fltol                  text20       0019A2
__end_of___xxtofl                 text36       00164E
__end_of__initialization          cinit        0024D4
__end_of_abs                      text6        00243A
__end_of_control_aire             text18       002278
__end_of_control_humedad          text17       0020F4
__end_of_control_luz              text16       001EC2
__end_of_control_temperatura      text15       001E24
__end_of_font5x7                  smallconst   0008C9
__end_of_fputc                    text4        001D86
__end_of_init_ADC                 text14       002574
__end_of_init_PWM                 text13       0025A6
__end_of_leer_adc                 text12       00234C
__end_of_leer_aire                text11       002588
__end_of_leer_temperatura         text10       002074
__end_of_main                     text0        0012AC
__end_of_putch                    text5        0025B4
__end_of_set_PWM_duty             text19       0022C4
__end_of_setup                    text9        002598
__end_of_sprintf                  text1        00246A
__end_of_vfpfcnvrt                text3        00149A
__end_of_vfprintf                 text2        002406
__initialization                  cinit        0024BC
__mediumconst                     smallconst   000800
__pbssBANK0                       bssBANK0     000060
__pbssCOMRAM                      bssCOMRAM    000051
__pcinit                          cinit        0024BC
__pcstackBANK0                    cstackBANK0  000080
__pcstackCOMRAM                   cstackCOMRAM 000001
__psmallconst                     smallconst   000800
__ptext0                          text0        0010A0
__ptext1                          text1        00243A
__ptext10                         text10       001FF0
__ptext11                         text11       002574
__ptext12                         text12       00230A
__ptext13                         text13       002598
__ptext14                         text14       00255E
__ptext15                         text15       001D86
__ptext16                         text16       001E24
__ptext17                         text17       002074
__ptext18                         text18       002222
__ptext19                         text19       002278
__ptext2                          text2        0023CA
__ptext20                         text20       00189C
__ptext21                         text21       00216C
__ptext22                         text22       00177C
__ptext23                         text23       0024DE
__ptext24                         text24       001AA6
__ptext25                         text25       0022C4
__ptext26                         text26       0021CA
__ptext27                         text27       002522
__ptext28                         text28       0025A6
__ptext29                         text29       00164E
__ptext3                          text3        0012AC
__ptext30                         text30       0008EC
__ptext31                         text31       0019A2
__ptext32                         text32       00234C
__ptext33                         text33       00238C
__ptext34                         text34       002540
__ptext35                         text35       001EC2
__ptext36                         text36       00149A
__ptext37                         text37       000D12
__ptext38                         text38       001F60
__ptext39                         text39       002496
__ptext4                          text4        001CDC
__ptext40                         text40       0020F4
__ptext41                         text41       002500
__ptext42                         text42       00246A
__ptext5                          text5        0025B2
__ptext6                          text6        002406
__ptext7                          text7        001C2E
__ptext8                          text8        001B6E
__ptext9                          text9        002588
__ramtop                          ramtop       000800
__smallconst                      smallconst   000800
_abs                              text6        002406
_contador_aire                    bssCOMRAM    000059
_control_aire                     text18       002222
_control_humedad                  text17       002074
_control_luz                      text16       001E24
_control_temperatura              text15       001D86
_dbuf                             bssBANK0     000060
_flags                            bssCOMRAM    00005B
_font5x7                          smallconst   000801
_fputc                            text4        001CDC
_init_ADC                         text14       00255E
_init_PWM                         text13       002598
_leer_adc                         text12       00230A
_leer_aire                        text11       002574
_leer_temperatura                 text10       001FF0
_main                             text0        0010A0
_prec                             bssCOMRAM    000053
_putch                            text5        0025B2
_set_PWM_duty                     text19       002278
_setup                            text9        002588
_sprintf                          text1        00243A
_vfpfcnvrt                        text3        0012AC
_vfprintf                         text2        0023CA
_width                            bssCOMRAM    000051
abs@a                             cstackCOMRAM 000007
control_aire@aire                 cstackCOMRAM 000005
control_humedad@H                 cstackCOMRAM 00000D
control_luz@led_on                bssCOMRAM    000055
control_luz@lux                   cstackCOMRAM 00000D
control_temperatura@T             cstackCOMRAM 00000D
control_temperatura@calentador_on bssCOMRAM    000057
end_of_initialization             cinit        0024D4
fputc@c                           cstackCOMRAM 000001
fputc@fp                          cstackCOMRAM 000003
intlevel0                         text         000000
intlevel1                         text         000000
intlevel2                         text         000000
intlevel3                         text         000000
isa$std                           (abs)        000001
isa$xinst                         (abs)        000000
leer_adc@canal                    cstackCOMRAM 000001
leer_temperatura@adc              cstackCOMRAM 000045
main@aire                         cstackBANK0  00009A
main@buffer                       cstackBANK0  000080
main@humedad                      cstackBANK0  000092
main@lux                          cstackBANK0  000096
main@temp                         cstackBANK0  00008E
set_PWM_duty@duty                 cstackCOMRAM 000001
sprintf@ap                        cstackCOMRAM 00001E
sprintf@f                         cstackCOMRAM 00001F
sprintf@fmt                       cstackCOMRAM 00001B
sprintf@s                         cstackCOMRAM 00001A
stackhi                           (abs)        000000
stacklo                           (abs)        000000
start                             init         007FFC
start_initialization              cinit        0024BC
vfpfcnvrt@ap                      cstackCOMRAM 00000D
vfpfcnvrt@c                       cstackCOMRAM 000015
vfpfcnvrt@convarg                 cstackCOMRAM 000011
vfpfcnvrt@cp                      cstackCOMRAM 000010
vfpfcnvrt@done                    cstackCOMRAM 00000F
vfpfcnvrt@fmt                     cstackCOMRAM 00000C
vfpfcnvrt@fp                      cstackCOMRAM 00000B
vfprintf@ap                       cstackCOMRAM 000018
vfprintf@cfmt                     cstackCOMRAM 000019
vfprintf@fmt                      cstackCOMRAM 000017
vfprintf@fp                       cstackCOMRAM 000016


MODULE INFORMATION

Module		Function		Class		Link	Load	Size
C:\Program Files\Microchip\xc8\v3.10\pic\sources\c99\common\flge.c
		___flge        		CODE           	19A2	0000	260

C:\Program Files\Microchip\xc8\v3.10\pic\sources\c99\common\flge.c estimated size: 260

C:\Program Files\Microchip\xc8\v3.10\pic\sources\c99\common\awmod.c
		___awmod       		CODE           	1C2E	0000	174

C:\Program Files\Microchip\xc8\v3.10\pic\sources\c99\common\awmod.c estimated size: 174

C:\Program Files\Microchip\xc8\v3.10\pic\sources\c99\common\putch.c
		_putch         		CODE           	25B2	0000	2

C:\Program Files\Microchip\xc8\v3.10\pic\sources\c99\common\putch.c estimated size: 2

C:\Program Files\Microchip\xc8\v3.10\pic\sources\c99\common\abs.c
		_abs           		CODE           	2406	0000	52

C:\Program Files\Microchip\xc8\v3.10\pic\sources\c99\common\abs.c estimated size: 52

bh1750.c
		_BH1750_Init   		CODE           	2496	0000	38
		_BH1750_ReadLux		CODE           	1EC2	0000	158

bh1750.c estimated size: 196

i2c.c
		_I2C_Write     		CODE           	20F4	0000	120
		_I2C_Stop      		CODE           	2500	0000	34
		_I2C_Read      		CODE           	1F60	0000	144
		_I2C_Init      		CODE           	25A6	0000	12
		_I2C_Start     		CODE           	246A	0000	44

i2c.c estimated size: 354

bme280.c
		_BME280_ReadHumidity		CODE           	164E	0000	302
		_BME280_Read   		CODE           	234C	0000	64
		_BME280_Init   		CODE           	238C	0000	62
		_BME280_Write  		CODE           	2540	0000	30

bme280.c estimated size: 458

pwm.c
		_set_PWM_duty  		CODE           	2278	0000	76
		_init_PWM      		CODE           	2598	0000	14

pwm.c estimated size: 90

C:\Program Files\Microchip\xc8\v3.10\pic\sources\c99\common\awdiv.c
		___awdiv       		CODE           	1B6E	0000	192

C:\Program Files\Microchip\xc8\v3.10\pic\sources\c99\common\awdiv.c estimated size: 192

adc.c
		_leer_adc      		CODE           	230A	0000	66
		_init_ADC      		CODE           	255E	0000	22

adc.c estimated size: 88

C:\Program Files\Microchip\xc8\v3.10\pic\sources\c99\common\fltol.c
		___fltol       		CODE           	189C	0000	262

C:\Program Files\Microchip\xc8\v3.10\pic\sources\c99\common\fltol.c estimated size: 262

C:\Program Files\Microchip\xc8\v3.10\pic\sources\c99\common\sprcmul.c
		___flmul       		CODE           	08EC	0000	1062

C:\Program Files\Microchip\xc8\v3.10\pic\sources\c99\common\sprcmul.c estimated size: 1062

C:\Program Files\Microchip\xc8\v3.10\pic\sources\c99\common\nf_sprintf.c
		_sprintf       		CODE           	243A	0000	48

C:\Program Files\Microchip\xc8\v3.10\pic\sources\c99\common\nf_sprintf.c estimated size: 48

C:\Program Files\Microchip\xc8\v3.10\pic\sources\c99\common\xxtofl.c
		___xxtofl      		CODE           	149A	0000	436

C:\Program Files\Microchip\xc8\v3.10\pic\sources\c99\common\xxtofl.c estimated size: 436

C:\Program Files\Microchip\xc8\v3.10\pic\sources\c99\common\sprcdiv.c
		___fldiv       		CODE           	0D12	0000	910

C:\Program Files\Microchip\xc8\v3.10\pic\sources\c99\common\sprcdiv.c estimated size: 910

control.c
		_control_luz   		CODE           	1E24	0000	158
		_control_temperatura		CODE           	1D86	0000	158
		_control_aire  		CODE           	2222	0000	86
		_control_humedad		CODE           	2074	0000	128

control.c estimated size: 530

shared
		_font5x7       		SMALLCONST     	0801	0000	200
		__initialization		CODE           	24BC	0000	24

shared estimated size: 224

C:\Program Files\Microchip\xc8\v3.10\pic\sources\c99\common\nf_fputc.c
		_fputc         		CODE           	1CDC	0000	170

C:\Program Files\Microchip\xc8\v3.10\pic\sources\c99\common\nf_fputc.c estimated size: 170

oled.c
		_OLED_SetCursor		CODE           	24DE	0000	34
		_OLED_Clear    		CODE           	21CA	0000	88
		_OLED_Command  		CODE           	2522	0000	30
		_OLED_WriteString		CODE           	216C	0000	94
		_OLED_ClearLine		CODE           	22C4	0000	70
		_OLED_WriteChar		CODE           	177C	0000	288
		_OLED_Init     		CODE           	1AA6	0000	200

oled.c estimated size: 804

sensores.c
		_leer_temperatura		CODE           	1FF0	0000	132
		_leer_aire     		CODE           	2574	0000	20

sensores.c estimated size: 152

C:\Program Files\Microchip\xc8\v3.10\pic\sources\c99\common\doprnt.c
		_vfpfcnvrt     		CODE           	12AC	0000	494
		_vfprintf      		CODE           	23CA	0000	60

C:\Program Files\Microchip\xc8\v3.10\pic\sources\c99\common\doprnt.c estimated size: 554

main.c
		_main          		CODE           	10A0	0000	524
		_setup         		CODE           	2588	0000	16

main.c estimated size: 540

